../Core/Src/main.c:101:5:main	96	static
../Core/Src/main.c:192:6:SystemClock_Config	88	static
../Core/Src/main.c:239:13:MX_ADC1_Init	24	static
../Core/Src/main.c:286:13:MX_I2C1_Init	8	static
../Core/Src/main.c:320:13:MX_TIM2_Init	32	static
../Core/Src/main.c:365:13:MX_USART1_UART_Init	8	static
../Core/Src/main.c:398:13:MX_GPIO_Init	40	static
../Core/Src/main.c:435:6:HAL_UART_RxCpltCallback	16	static
../Core/Src/main.c:444:6:HAL_GPIO_EXTI_Callback	16	static
../Core/Src/main.c:472:6:display_mode_1	56	static
../Core/Src/main.c:491:6:display_mode_2	32	static
../Core/Src/main.c:519:6:display_cycle	24	static
../Core/Src/main.c:536:6:get_data	24	static
../Core/Src/main.c:570:6:transmit_data_from_computer	96	static
../Core/Src/main.c:612:6:getdata_DT	24	static
../Core/Src/main.c:620:5:get_adc_channel	32	static
../Core/Src/main.c:646:6:Task_control	16	static
../Core/Src/main.c:685:6:Task_getdata	16	static
../Core/Src/main.c:701:6:Error_Handler	4	static
