Archive member included to satisfy reference by file (symbol)

d:/luu_phan_mem/luu_cube_ide/stm32cubeide_1.10.1/stm32cubeide/plugins/com.st.stm32cube.ide.mcu.externaltools.gnu-tools-for-stm32.10.3-2021.10.win32_1.0.0.202111181127/tools/bin/../lib/gcc/arm-none-eabi/10.3.1/../../../../arm-none-eabi/lib/thumb/v7-m/nofp\libc_nano.a(lib_a-atoi.o)
                              ./Core/Src/main.o (atoi)
d:/luu_phan_mem/luu_cube_ide/stm32cubeide_1.10.1/stm32cubeide/plugins/com.st.stm32cube.ide.mcu.externaltools.gnu-tools-for-stm32.10.3-2021.10.win32_1.0.0.202111181127/tools/bin/../lib/gcc/arm-none-eabi/10.3.1/../../../../arm-none-eabi/lib/thumb/v7-m/nofp\libc_nano.a(lib_a-errno.o)
                              ./Core/Src/syscalls.o (__errno)
d:/luu_phan_mem/luu_cube_ide/stm32cubeide_1.10.1/stm32cubeide/plugins/com.st.stm32cube.ide.mcu.externaltools.gnu-tools-for-stm32.10.3-2021.10.win32_1.0.0.202111181127/tools/bin/../lib/gcc/arm-none-eabi/10.3.1/../../../../arm-none-eabi/lib/thumb/v7-m/nofp\libc_nano.a(lib_a-exit.o)
                              d:/luu_phan_mem/luu_cube_ide/stm32cubeide_1.10.1/stm32cubeide/plugins/com.st.stm32cube.ide.mcu.externaltools.gnu-tools-for-stm32.10.3-2021.10.win32_1.0.0.202111181127/tools/bin/../lib/gcc/arm-none-eabi/10.3.1/../../../../arm-none-eabi/lib/thumb/v7-m/nofp/crt0.o (exit)
d:/luu_phan_mem/luu_cube_ide/stm32cubeide_1.10.1/stm32cubeide/plugins/com.st.stm32cube.ide.mcu.externaltools.gnu-tools-for-stm32.10.3-2021.10.win32_1.0.0.202111181127/tools/bin/../lib/gcc/arm-none-eabi/10.3.1/../../../../arm-none-eabi/lib/thumb/v7-m/nofp\libc_nano.a(lib_a-findfp.o)
                              ./Middlewares/Third_Party/FreeRTOS/Source/tasks.o (__sf_fake_stderr)
d:/luu_phan_mem/luu_cube_ide/stm32cubeide_1.10.1/stm32cubeide/plugins/com.st.stm32cube.ide.mcu.externaltools.gnu-tools-for-stm32.10.3-2021.10.win32_1.0.0.202111181127/tools/bin/../lib/gcc/arm-none-eabi/10.3.1/../../../../arm-none-eabi/lib/thumb/v7-m/nofp\libc_nano.a(lib_a-fwalk.o)
                              d:/luu_phan_mem/luu_cube_ide/stm32cubeide_1.10.1/stm32cubeide/plugins/com.st.stm32cube.ide.mcu.externaltools.gnu-tools-for-stm32.10.3-2021.10.win32_1.0.0.202111181127/tools/bin/../lib/gcc/arm-none-eabi/10.3.1/../../../../arm-none-eabi/lib/thumb/v7-m/nofp\libc_nano.a(lib_a-findfp.o) (_fwalk)
d:/luu_phan_mem/luu_cube_ide/stm32cubeide_1.10.1/stm32cubeide/plugins/com.st.stm32cube.ide.mcu.externaltools.gnu-tools-for-stm32.10.3-2021.10.win32_1.0.0.202111181127/tools/bin/../lib/gcc/arm-none-eabi/10.3.1/../../../../arm-none-eabi/lib/thumb/v7-m/nofp\libc_nano.a(lib_a-impure.o)
                              d:/luu_phan_mem/luu_cube_ide/stm32cubeide_1.10.1/stm32cubeide/plugins/com.st.stm32cube.ide.mcu.externaltools.gnu-tools-for-stm32.10.3-2021.10.win32_1.0.0.202111181127/tools/bin/../lib/gcc/arm-none-eabi/10.3.1/../../../../arm-none-eabi/lib/thumb/v7-m/nofp\libc_nano.a(lib_a-exit.o) (_global_impure_ptr)
d:/luu_phan_mem/luu_cube_ide/stm32cubeide_1.10.1/stm32cubeide/plugins/com.st.stm32cube.ide.mcu.externaltools.gnu-tools-for-stm32.10.3-2021.10.win32_1.0.0.202111181127/tools/bin/../lib/gcc/arm-none-eabi/10.3.1/../../../../arm-none-eabi/lib/thumb/v7-m/nofp\libc_nano.a(lib_a-init.o)
                              d:/luu_phan_mem/luu_cube_ide/stm32cubeide_1.10.1/stm32cubeide/plugins/com.st.stm32cube.ide.mcu.externaltools.gnu-tools-for-stm32.10.3-2021.10.win32_1.0.0.202111181127/tools/bin/../lib/gcc/arm-none-eabi/10.3.1/../../../../arm-none-eabi/lib/thumb/v7-m/nofp/crt0.o (__libc_init_array)
d:/luu_phan_mem/luu_cube_ide/stm32cubeide_1.10.1/stm32cubeide/plugins/com.st.stm32cube.ide.mcu.externaltools.gnu-tools-for-stm32.10.3-2021.10.win32_1.0.0.202111181127/tools/bin/../lib/gcc/arm-none-eabi/10.3.1/../../../../arm-none-eabi/lib/thumb/v7-m/nofp\libc_nano.a(lib_a-lock.o)
                              d:/luu_phan_mem/luu_cube_ide/stm32cubeide_1.10.1/stm32cubeide/plugins/com.st.stm32cube.ide.mcu.externaltools.gnu-tools-for-stm32.10.3-2021.10.win32_1.0.0.202111181127/tools/bin/../lib/gcc/arm-none-eabi/10.3.1/../../../../arm-none-eabi/lib/thumb/v7-m/nofp\libc_nano.a(lib_a-findfp.o) (__retarget_lock_init_recursive)
d:/luu_phan_mem/luu_cube_ide/stm32cubeide_1.10.1/stm32cubeide/plugins/com.st.stm32cube.ide.mcu.externaltools.gnu-tools-for-stm32.10.3-2021.10.win32_1.0.0.202111181127/tools/bin/../lib/gcc/arm-none-eabi/10.3.1/../../../../arm-none-eabi/lib/thumb/v7-m/nofp\libc_nano.a(lib_a-memcpy-stub.o)
                              ./Middlewares/Third_Party/FreeRTOS/Source/queue.o (memcpy)
d:/luu_phan_mem/luu_cube_ide/stm32cubeide_1.10.1/stm32cubeide/plugins/com.st.stm32cube.ide.mcu.externaltools.gnu-tools-for-stm32.10.3-2021.10.win32_1.0.0.202111181127/tools/bin/../lib/gcc/arm-none-eabi/10.3.1/../../../../arm-none-eabi/lib/thumb/v7-m/nofp\libc_nano.a(lib_a-memset.o)
[...]
Memory Configuration

Name             Origin             Length             Attributes
RAM              0x0000000020000000 0x0000000000005000 xrw
FLASH            0x0000000008000000 0x0000000000010000 xr
*default*        0x0000000000000000 0xffffffffffffffff

Linker script and memory map

LOAD d:/luu_phan_mem/luu_cube_ide/stm32cubeide_1.10.1/stm32cubeide/plugins/com.st.stm32cube.ide.mcu.externaltools.gnu-tools-for-stm32.10.3-2021.10.win32_1.0.0.202111181127/tools/bin/../lib/gcc/arm-none-eabi/10.3.1/thumb/v7-m/nofp/crti.o
LOAD d:/luu_phan_mem/luu_cube_ide/stm32cubeide_1.10.1/stm32cubeide/plugins/com.st.stm32cube.ide.mcu.externaltools.gnu-tools-for-stm32.10.3-2021.10.win32_1.0.0.202111181127/tools/bin/../lib/gcc/arm-none-eabi/10.3.1/thumb/v7-m/nofp/crtbegin.o
LOAD d:/luu_phan_mem/luu_cube_ide/stm32cubeide_1.10.1/stm32cubeide/plugins/com.st.stm32cube.ide.mcu.externaltools.gnu-tools-for-stm32.10.3-2021.10.win32_1.0.0.202111181127/tools/bin/../lib/gcc/arm-none-eabi/10.3.1/../../../../arm-none-eabi/lib/thumb/v7-m/nofp/crt0.o
LOAD ./Core/Src/DHT.o
LOAD ./Core/Src/freertos.o
LOAD ./Core/Src/i2c-lcd.o
LOAD ./Core/Src/main.o
LOAD ./Core/Src/stm32f1xx_hal_msp.o
LOAD ./Core/Src/stm32f1xx_it.o
LOAD ./Core/Src/syscalls.o
LOAD ./Core/Src/sysmem.o
LOAD ./Core/Src/system_stm32f1xx.o
LOAD ./Core/Startup/startup_stm32f103c8tx.o
LOAD ./Drivers/STM32F1xx_HAL_Driver/Src/stm32f1xx_hal.o
LOAD ./Drivers/STM32F1xx_HAL_Driver/Src/stm32f1xx_hal_adc.o
LOAD ./Drivers/STM32F1xx_HAL_Driver/Src/stm32f1xx_hal_adc_ex.o
LOAD ./Drivers/STM32F1xx_HAL_Driver/Src/stm32f1xx_hal_cortex.o
LOAD ./Drivers/STM32F1xx_HAL_Driver/Src/stm32f1xx_hal_dma.o
LOAD ./Drivers/STM32F1xx_HAL_Driver/Src/stm32f1xx_hal_exti.o
LOAD ./Drivers/STM32F1xx_HAL_Driver/Src/stm32f1xx_hal_flash.o
LOAD ./Drivers/STM32F1xx_HAL_Driver/Src/stm32f1xx_hal_flash_ex.o
LOAD ./Drivers/STM32F1xx_HAL_Driver/Src/stm32f1xx_hal_gpio.o
LOAD ./Drivers/STM32F1xx_HAL_Driver/Src/stm32f1xx_hal_gpio_ex.o
LOAD ./Drivers/STM32F1xx_HAL_Driver/Src/stm32f1xx_hal_i2c.o
LOAD ./Drivers/STM32F1xx_HAL_Driver/Src/stm32f1xx_hal_pwr.o
LOAD ./Drivers/STM32F1xx_HAL_Driver/Src/stm32f1xx_hal_rcc.o
LOAD ./Drivers/STM32F1xx_HAL_Driver/Src/stm32f1xx_hal_rcc_ex.o
LOAD ./Drivers/STM32F1xx_HAL_Driver/Src/stm32f1xx_hal_tim.o
LOAD ./Drivers/STM32F1xx_HAL_Driver/Src/stm32f1xx_hal_tim_ex.o
LOAD ./Drivers/STM32F1xx_HAL_Driver/Src/stm32f1xx_hal_uart.o
LOAD ./Middlewares/Third_Party/FreeRTOS/Source/CMSIS_RTOS/cmsis_os.o
LOAD ./Middlewares/Third_Party/FreeRTOS/Source/croutine.o
LOAD ./Middlewares/Third_Party/FreeRTOS/Source/event_groups.o
LOAD ./Middlewares/Third_Party/FreeRTOS/Source/list.o
LOAD ./Middlewares/Third_Party/FreeRTOS/Source/queue.o
LOAD ./Middlewares/Third_Party/FreeRTOS/Source/stream_buffer.o
LOAD ./Middlewares/Third_Party/FreeRTOS/Source/tasks.o
LOAD ./Middlewares/Third_Party/FreeRTOS/Source/timers.o
LOAD ./Middlewares/Third_Party/FreeRTOS/Source/portable/GCC/ARM_CM3/port.o
LOAD ./Middlewares/Third_Party/FreeRTOS/Source/portable/MemMang/heap_4.o
START GROUP
LOAD d:/luu_phan_mem/luu_cube_ide/stm32cubeide_1.10.1/stm32cubeide/plugins/com.st.stm32cube.ide.mcu.externaltools.gnu-tools-for-stm32.10.3-2021.10.win32_1.0.0.202111181127/tools/bin/../lib/gcc/arm-none-eabi/10.3.1/../../../../arm-none-eabi/lib/thumb/v7-m/nofp\libc_nano.a
LOAD d:/luu_phan_mem/luu_cube_ide/stm32cubeide_1.10.1/stm32cubeide/plugins/com.st.stm32cube.ide.mcu.externaltools.gnu-tools-for-stm32.10.3-2021.10.win32_1.0.0.202111181127/tools/bin/../lib/gcc/arm-none-eabi/10.3.1/../../../../arm-none-eabi/lib/thumb/v7-m/nofp\libm.a
END GROUP
START GROUP
LOAD d:/luu_phan_mem/luu_cube_ide/stm32cubeide_1.10.1/stm32cubeide/plugins/com.st.stm32cube.ide.mcu.externaltools.gnu-tools-for-stm32.10.3-2021.10.win32_1.0.0.202111181127/tools/bin/../lib/gcc/arm-none-eabi/10.3.1/thumb/v7-m/nofp\libgcc.a
LOAD d:/luu_phan_mem/luu_cube_ide/stm32cubeide_1.10.1/stm32cubeide/plugins/com.st.stm32cube.ide.mcu.externaltools.gnu-tools-for-stm32.10.3-2021.10.win32_1.0.0.202111181127/tools/bin/../lib/gcc/arm-none-eabi/10.3.1/../../../../arm-none-eabi/lib/thumb/v7-m/nofp\libc_nano.a
END GROUP
START GROUP
LOAD d:/luu_phan_mem/luu_cube_ide/stm32cubeide_1.10.1/stm32cubeide/plugins/com.st.stm32cube.ide.mcu.externaltools.gnu-tools-for-stm32.10.3-2021.10.win32_1.0.0.202111181127/tools/bin/../lib/gcc/arm-none-eabi/10.3.1/thumb/v7-m/nofp\libgcc.a
LOAD d:/luu_phan_mem/luu_cube_ide/stm32cubeide_1.10.1/stm32cubeide/plugins/com.st.stm32cube.ide.mcu.externaltools.gnu-tools-for-stm32.10.3-2021.10.win32_1.0.0.202111181127/tools/bin/../lib/gcc/arm-none-eabi/10.3.1/../../../../arm-none-eabi/lib/thumb/v7-m/nofp\libc_nano.a
LOAD d:/luu_phan_mem/luu_cube_ide/stm32cubeide_1.10.1/stm32cubeide/plugins/com.st.stm32cube.ide.mcu.externaltools.gnu-tools-for-stm32.10.3-2021.10.win32_1.0.0.202111181127/tools/bin/../lib/gcc/arm-none-eabi/10.3.1/../../../../arm-none-eabi/lib/thumb/v7-m/nofp\libnosys.a
END GROUP
START GROUP
LOAD d:/luu_phan_mem/luu_cube_ide/stm32cubeide_1.10.1/stm32cubeide/plugins/com.st.stm32cube.ide.mcu.externaltools.gnu-tools-for-stm32.10.3-2021.10.win32_1.0.0.202111181127/tools/bin/../lib/gcc/arm-none-eabi/10.3.1/thumb/v7-m/nofp\libgcc.a
LOAD d:/luu_phan_mem/luu_cube_ide/stm32cubeide_1.10.1/stm32cubeide/plugins/com.st.stm32cube.ide.mcu.externaltools.gnu-tools-for-stm32.10.3-2021.10.win32_1.0.0.202111181127/tools/bin/../lib/gcc/arm-none-eabi/10.3.1/../../../../arm-none-eabi/lib/thumb/v7-m/nofp\libc_nano.a
LOAD d:/luu_phan_mem/luu_cube_ide/stm32cubeide_1.10.1/stm32cubeide/plugins/com.st.stm32cube.ide.mcu.externaltools.gnu-tools-for-stm32.10.3-2021.10.win32_1.0.0.202111181127/tools/bin/../lib/gcc/arm-none-eabi/10.3.1/../../../../arm-none-eabi/lib/thumb/v7-m/nofp\libnosys.a
END GROUP
LOAD d:/luu_phan_mem/luu_cube_ide/stm32cubeide_1.10.1/stm32cubeide/plugins/com.st.stm32cube.ide.mcu.externaltools.gnu-tools-for-stm32.10.3-2021.10.win32_1.0.0.202111181127/tools/bin/../lib/gcc/arm-none-eabi/10.3.1/thumb/v7-m/nofp/crtend.o
LOAD d:/luu_phan_mem/luu_cube_ide/stm32cubeide_1.10.1/stm32cubeide/plugins/com.st.stm32cube.ide.mcu.externaltools.gnu-tools-for-stm32.10.3-2021.10.win32_1.0.0.202111181127/tools/bin/../lib/gcc/arm-none-eabi/10.3.1/thumb/v7-m/nofp/crtn.o
                0x0000000020005000                _estack = (ORIGIN (RAM) + LENGTH (RAM))
                0x0000000000000200                _Min_Heap_Size = 0x200
                0x0000000000000400                _Min_Stack_Size = 0x400

.isr_vector     0x0000000008000000      0x10c
                0x0000000008000000                . = ALIGN (0x4)
 *(.isr_vector)
 .isr_vector    0x0000000008000000      0x10c ./Core/Startup/startup_stm32f103c8tx.o
                0x0000000008000000                g_pfnVectors
                0x000000000800010c                . = ALIGN (0x4)

.text           0x0000000008000110     0x859c
                0x0000000008000110                . = ALIGN (0x4)
 *(.text)
 .text          0x0000000008000110       0x40 d:/luu_phan_mem/luu_cube_ide/stm32cubeide_1.10.1/stm32cubeide/plugins/com.st.stm32cube.ide.mcu.externaltools.gnu-tools-for-stm32.10.3-2021.10.win32_1.0.0.202111181127/tools/bin/../lib/gcc/arm-none-eabi/10.3.1/thumb/v7-m/nofp/crtbegin.o
 .text          0x0000000008000150       0x14 d:/luu_phan_mem/luu_cube_ide/stm32cubeide_1.10.1/stm32cubeide/plugins/com.st.stm32cube.ide.mcu.externaltools.gnu-tools-for-stm32.10.3-2021.10.win32_1.0.0.202111181127/tools/bin/../lib/gcc/arm-none-eabi/10.3.1/../../../../arm-none-eabi/lib/thumb/v7-m/nofp\libc_nano.a(lib_a-strcmp.o)
                0x0000000008000150                strcmp
 .text          0x0000000008000164       0x10 d:/luu_phan_mem/luu_cube_ide/stm32cubeide_1.10.1/stm32cubeide/plugins/com.st.stm32cube.ide.mcu.externaltools.gnu-tools-for-stm32.10.3-2021.10.win32_1.0.0.202111181127/tools/bin/../lib/gcc/arm-none-eabi/10.3.1/../../../../arm-none-eabi/lib/thumb/v7-m/nofp\libc_nano.a(lib_a-strlen.o)
                0x0000000008000164                strlen
 .text          0x0000000008000174      0x168 d:/luu_phan_mem/luu_cube_ide/stm32cubeide_1.10.1/stm32cubeide/plugins/com.st.stm32cube.ide.mcu.externaltools.gnu-tools-for-stm32.10.3-2021.10.win32_1.0.0.202111181127/tools/bin/../lib/gcc/arm-none-eabi/10.3.1/thumb/v7-m/nofp\libgcc.a(_arm_mulsf3.o)
                0x0000000008000174                __aeabi_fmul
                0x0000000008000174                __mulsf3
 .text          0x00000000080002dc      0x378 d:/luu_phan_mem/luu_cube_ide/stm32cubeide_1.10.1/stm32cubeide/plugins/com.st.stm32cube.ide.mcu.externaltools.gnu-tools-for-stm32.10.3-2021.10.win32_1.0.0.202111181127/tools/bin/../lib/gcc/arm-none-eabi/10.3.1/thumb/v7-m/nofp\libgcc.a(_arm_addsubdf3.o)
                0x00000000080002dc                __aeabi_drsub
                0x00000000080002e4                __aeabi_dsub
                0x00000000080002e4                __subdf3
                0x00000000080002e8                __aeabi_dadd
                0x00000000080002e8                __adddf3
                0x0000000008000560                __floatunsidf
                0x0000000008000560                __aeabi_ui2d
                0x0000000008000580                __floatsidf
                0x0000000008000580                __aeabi_i2d
                0x00000000080005a4                __aeabi_f2d
                0x00000000080005a4                __extendsfdf2
                0x00000000080005e8                __floatundidf
                0x00000000080005e8                __aeabi_ul2d
                0x00000000080005f8                __floatdidf
                0x00000000080005f8                __aeabi_l2d
 .text          0x0000000008000654      0x424 d:/luu_phan_mem/luu_cube_ide/stm32cubeide_1.10.1/stm32cubeide/plugins/com.st.stm32cube.ide.mcu.externaltools.gnu-tools-for-stm32.10.3-2021.10.win32_1.0.0.202111181127/tools/bin/../lib/gcc/arm-none-eabi/10.3.1/thumb/v7-m/nofp\libgcc.a(_arm_muldivdf3.o)
                0x0000000008000654                __aeabi_dmul
                0x0000000008000654                __muldf3
                0x00000000080008a8                __divdf3
                0x00000000080008a8                __aeabi_ddiv
 .text          0x0000000008000a78       0xa0 d:/luu_phan_mem/luu_cube_ide/stm32cubeide_1.10.1/stm32cubeide/plugins/com.st.stm32cube.ide.mcu.externaltools.gnu-tools-for-stm32.10.3-2021.10.win32_1.0.0.202111181127/tools/bin/../lib/gcc/arm-none-eabi/10.3.1/thumb/v7-m/nofp\libgcc.a(_arm_truncdfsf2.o)
                0x0000000008000a78                __truncdfsf2
                0x0000000008000a78                __aeabi_d2f
 .text          0x0000000008000b18       0x4c d:/luu_phan_mem/luu_cube_ide/stm32cubeide_1.10.1/stm32cubeide/plugins/com.st.stm32cube.ide.mcu.externaltools.gnu-tools-for-stm32.10.3-2021.10.win32_1.0.0.202111181127/tools/bin/../lib/gcc/arm-none-eabi/10.3.1/thumb/v7-m/nofp\libgcc.a(_arm_fixsfsi.o)
                0x0000000008000b18                __aeabi_f2iz
                0x0000000008000b18                __fixsfsi
 *(.text*)
 .text.delay    0x0000000008000b64       0x48 ./Core/Src/DHT.o
                0x0000000008000b64                delay
 .text.Set_Pin_Output
                0x0000000008000bac       0x3a ./Core/Src/DHT.o
                0x0000000008000bac                Set_Pin_Output
 .text.Set_Pin_Input
                0x0000000008000be6       0x3a ./Core/Src/DHT.o
                0x0000000008000be6                Set_Pin_Input
 .text.DHT_Start
                0x0000000008000c20       0x50 ./Core/Src/DHT.o
                0x0000000008000c20                DHT_Start
 .text.DHT_Check_Response
                0x0000000008000c70       0x5c ./Core/Src/DHT.o
                0x0000000008000c70                DHT_Check_Response
 .text.DHT_Read
                0x0000000008000ccc       0x90 ./Core/Src/DHT.o
                0x0000000008000ccc                DHT_Read
 .text.DHT_GetData
                0x0000000008000d5c       0xa8 ./Core/Src/DHT.o
                0x0000000008000d5c                DHT_GetData
 .text.vApplicationGetIdleTaskMemory
                0x0000000008000e04       0x30 ./Core/Src/freertos.o
                0x0000000008000e04                vApplicationGetIdleTaskMemory
 .text.lcd_send_cmd
                0x0000000008000e34       0x60 ./Core/Src/i2c-lcd.o
                0x0000000008000e34                lcd_send_cmd
 .text.lcd_send_data
                0x0000000008000e94       0x60 ./Core/Src/i2c-lcd.o
                0x0000000008000e94                lcd_send_data
 .text.lcd_clear
                0x0000000008000ef4       0x2e ./Core/Src/i2c-lcd.o
                0x0000000008000ef4                lcd_clear
 .text.lcd_put_cur
                0x0000000008000f22       0x3e ./Core/Src/i2c-lcd.o
                0x0000000008000f22                lcd_put_cur
 .text.lcd_init
                0x0000000008000f60       0x7a ./Core/Src/i2c-lcd.o
                0x0000000008000f60                lcd_init
 .text.lcd_send_string
                0x0000000008000fda       0x2a ./Core/Src/i2c-lcd.o
                0x0000000008000fda                lcd_send_string
 .text.main     0x0000000008001004       0xdc ./Core/Src/main.o
                0x0000000008001004                main
 .text.SystemClock_Config
                0x00000000080010e0       0xb2 ./Core/Src/main.o
                0x00000000080010e0                SystemClock_Config
 *fill*         0x0000000008001192        0x2 
 .text.MX_ADC1_Init
                0x0000000008001194       0x7c ./Core/Src/main.o
 .text.MX_I2C1_Init
                0x0000000008001210       0x5c ./Core/Src/main.o
 .text.MX_TIM2_Init
                0x000000000800126c       0x98 ./Core/Src/main.o
 .text.MX_USART1_UART_Init
                0x0000000008001304       0x54 ./Core/Src/main.o
 .text.MX_GPIO_Init
                0x0000000008001358       0xd0 ./Core/Src/main.o
 .text.HAL_UART_RxCpltCallback
                0x0000000008001428       0x64 ./Core/Src/main.o
                0x0000000008001428                HAL_UART_RxCpltCallback
 .text.HAL_GPIO_EXTI_Callback
                0x000000000800148c       0xbc ./Core/Src/main.o
                0x000000000800148c                HAL_GPIO_EXTI_Callback
 .text.display_mode_1
                0x0000000008001548       0xe8 ./Core/Src/main.o
                0x0000000008001548                display_mode_1
 .text.display_mode_2
                0x0000000008001630       0xdc ./Core/Src/main.o
                0x0000000008001630                display_mode_2
 .text.display_cycle
                0x000000000800170c       0x88 ./Core/Src/main.o
                0x000000000800170c                display_cycle
 .text.get_data
                0x0000000008001794       0xec ./Core/Src/main.o
                0x0000000008001794                get_data
 .text.transmit_data_from_computer
                0x0000000008001880      0x1a0 ./Core/Src/main.o
                0x0000000008001880                transmit_data_from_computer
 .text.getdata_DT
                0x0000000008001a20       0x58 ./Core/Src/main.o
                0x0000000008001a20                getdata_DT
 .text.get_adc_channel
                0x0000000008001a78       0x64 ./Core/Src/main.o
                0x0000000008001a78                get_adc_channel
 .text.Task_control
                0x0000000008001adc       0xc4 ./Core/Src/main.o
                0x0000000008001adc                Task_control
 .text.Task_getdata
                0x0000000008001ba0       0x28 ./Core/Src/main.o
                0x0000000008001ba0                Task_getdata
 .text.Error_Handler
                0x0000000008001bc8        0x6 ./Core/Src/main.o
                0x0000000008001bc8                Error_Handler
 *fill*         0x0000000008001bce        0x2 
 .text.HAL_MspInit
                0x0000000008001bd0       0x70 ./Core/Src/stm32f1xx_hal_msp.o
                0x0000000008001bd0                HAL_MspInit
 .text.HAL_ADC_MspInit
                0x0000000008001c40       0x78 ./Core/Src/stm32f1xx_hal_msp.o
                0x0000000008001c40                HAL_ADC_MspInit
 .text.HAL_I2C_MspInit
                0x0000000008001cb8       0x7c ./Core/Src/stm32f1xx_hal_msp.o
                0x0000000008001cb8                HAL_I2C_MspInit
 .text.HAL_TIM_Base_MspInit
                0x0000000008001d34       0x38 ./Core/Src/stm32f1xx_hal_msp.o
                0x0000000008001d34                HAL_TIM_Base_MspInit
 .text.HAL_UART_MspInit
                0x0000000008001d6c       0xa8 ./Core/Src/stm32f1xx_hal_msp.o
                0x0000000008001d6c                HAL_UART_MspInit
 .text.NMI_Handler
                0x0000000008001e14        0x6 ./Core/Src/stm32f1xx_it.o
                0x0000000008001e14                NMI_Handler
 .text.HardFault_Handler
                0x0000000008001e1a        0x6 ./Core/Src/stm32f1xx_it.o
                0x0000000008001e1a                HardFault_Handler
 .text.MemManage_Handler
                0x0000000008001e20        0x6 ./Core/Src/stm32f1xx_it.o
                0x0000000008001e20                MemManage_Handler
 .text.BusFault_Handler
                0x0000000008001e26        0x6 ./Core/Src/stm32f1xx_it.o
                0x0000000008001e26                BusFault_Handler
 .text.UsageFault_Handler
                0x0000000008001e2c        0x6 ./Core/Src/stm32f1xx_it.o
                0x0000000008001e2c                UsageFault_Handler
 .text.DebugMon_Handler
                0x0000000008001e32        0xc ./Core/Src/stm32f1xx_it.o
                0x0000000008001e32                DebugMon_Handler
 .text.SysTick_Handler
                0x0000000008001e3e       0x1a ./Core/Src/stm32f1xx_it.o
                0x0000000008001e3e                SysTick_Handler
 .text.EXTI2_IRQHandler
                0x0000000008001e58        0xe ./Core/Src/stm32f1xx_it.o
                0x0000000008001e58                EXTI2_IRQHandler
 .text.EXTI3_IRQHandler
                0x0000000008001e66        0xe ./Core/Src/stm32f1xx_it.o
                0x0000000008001e66                EXTI3_IRQHandler
 .text.USART1_IRQHandler
                0x0000000008001e74       0x14 ./Core/Src/stm32f1xx_it.o
                0x0000000008001e74                USART1_IRQHandler
 .text._sbrk    0x0000000008001e88       0x6c ./Core/Src/sysmem.o
                0x0000000008001e88                _sbrk
 .text.SystemInit
                0x0000000008001ef4        0xc ./Core/Src/system_stm32f1xx.o
                0x0000000008001ef4                SystemInit
 .text.Reset_Handler
                0x0000000008001f00       0x48 ./Core/Startup/startup_stm32f103c8tx.o
                0x0000000008001f00                Reset_Handler
 .text.Default_Handler
                0x0000000008001f48        0x2 ./Core/Startup/startup_stm32f103c8tx.o
                0x0000000008001f48                RTC_Alarm_IRQHandler
                0x0000000008001f48                TIM1_CC_IRQHandler
                0x0000000008001f48                PVD_IRQHandler
                0x0000000008001f48                EXTI0_IRQHandler
                0x0000000008001f48                I2C2_EV_IRQHandler
                0x0000000008001f48                ADC1_2_IRQHandler
                0x0000000008001f48                SPI1_IRQHandler
                0x0000000008001f48                TAMPER_IRQHandler
                0x0000000008001f48                DMA1_Channel4_IRQHandler
                0x0000000008001f48                USART3_IRQHandler
                0x0000000008001f48                RTC_IRQHandler
                0x0000000008001f48                DMA1_Channel7_IRQHandler
                0x0000000008001f48                CAN1_RX1_IRQHandler
                0x0000000008001f48                TIM4_IRQHandler
                0x0000000008001f48                I2C1_EV_IRQHandler
                0x0000000008001f48                DMA1_Channel6_IRQHandler
                0x0000000008001f48                TIM3_IRQHandler
                0x0000000008001f48                RCC_IRQHandler
                0x0000000008001f48                TIM1_TRG_COM_IRQHandler
                0x0000000008001f48                DMA1_Channel1_IRQHandler
                0x0000000008001f48                Default_Handler
                0x0000000008001f48                EXTI15_10_IRQHandler
                0x0000000008001f48                EXTI9_5_IRQHandler
                0x0000000008001f48                SPI2_IRQHandler
                0x0000000008001f48                DMA1_Channel5_IRQHandler
                0x0000000008001f48                EXTI4_IRQHandler
                0x0000000008001f48                USB_LP_CAN1_RX0_IRQHandler
                0x0000000008001f48                USB_HP_CAN1_TX_IRQHandler
                0x0000000008001f48                DMA1_Channel3_IRQHandler
                0x0000000008001f48                TIM1_UP_IRQHandler
                0x0000000008001f48                WWDG_IRQHandler
                0x0000000008001f48                TIM2_IRQHandler
                0x0000000008001f48                TIM1_BRK_IRQHandler
                0x0000000008001f48                EXTI1_IRQHandler
                0x0000000008001f48                USART2_IRQHandler
                0x0000000008001f48                I2C2_ER_IRQHandler
                0x0000000008001f48                DMA1_Channel2_IRQHandler
                0x0000000008001f48                CAN1_SCE_IRQHandler
                0x0000000008001f48                FLASH_IRQHandler
                0x0000000008001f48                I2C1_ER_IRQHandler
                0x0000000008001f48                USBWakeUp_IRQHandler
 *fill*         0x0000000008001f4a        0x2 
 .text.HAL_Init
                0x0000000008001f4c       0x2c ./Drivers/STM32F1xx_HAL_Driver/Src/stm32f1xx_hal.o
                0x0000000008001f4c                HAL_Init
 .text.HAL_InitTick
                0x0000000008001f78       0x60 ./Drivers/STM32F1xx_HAL_Driver/Src/stm32f1xx_hal.o
                0x0000000008001f78                HAL_InitTick
 .text.HAL_IncTick
                0x0000000008001fd8       0x24 ./Drivers/STM32F1xx_HAL_Driver/Src/stm32f1xx_hal.o
                0x0000000008001fd8                HAL_IncTick
 .text.HAL_GetTick
                0x0000000008001ffc       0x14 ./Drivers/STM32F1xx_HAL_Driver/Src/stm32f1xx_hal.o
                0x0000000008001ffc                HAL_GetTick
 .text.HAL_Delay
                0x0000000008002010       0x48 ./Drivers/STM32F1xx_HAL_Driver/Src/stm32f1xx_hal.o
                0x0000000008002010                HAL_Delay
 .text.HAL_ADC_Init
                0x0000000008002058      0x1b0 ./Drivers/STM32F1xx_HAL_Driver/Src/stm32f1xx_hal_adc.o
                0x0000000008002058                HAL_ADC_Init
 .text.HAL_ADC_Start
                0x0000000008002208      0x15c ./Drivers/STM32F1xx_HAL_Driver/Src/stm32f1xx_hal_adc.o
                0x0000000008002208                HAL_ADC_Start
 .text.HAL_ADC_Stop
                0x0000000008002364       0x58 ./Drivers/STM32F1xx_HAL_Driver/Src/stm32f1xx_hal_adc.o
                0x0000000008002364                HAL_ADC_Stop
 .text.HAL_ADC_PollForConversion
                0x00000000080023bc      0x20c ./Drivers/STM32F1xx_HAL_Driver/Src/stm32f1xx_hal_adc.o
                0x00000000080023bc                HAL_ADC_PollForConversion
 .text.HAL_ADC_GetValue
                0x00000000080025c8       0x18 ./Drivers/STM32F1xx_HAL_Driver/Src/stm32f1xx_hal_adc.o
                0x00000000080025c8                HAL_ADC_GetValue
 .text.HAL_ADC_ConfigChannel
                0x00000000080025e0      0x1f0 ./Drivers/STM32F1xx_HAL_Driver/Src/stm32f1xx_hal_adc.o
                0x00000000080025e0                HAL_ADC_ConfigChannel
 .text.ADC_Enable
                0x00000000080027d0       0xb4 ./Drivers/STM32F1xx_HAL_Driver/Src/stm32f1xx_hal_adc.o
                0x00000000080027d0                ADC_Enable
 .text.ADC_ConversionStop_Disable
                0x0000000008002884       0x82 ./Drivers/STM32F1xx_HAL_Driver/Src/stm32f1xx_hal_adc.o
                0x0000000008002884                ADC_ConversionStop_Disable
 *fill*         0x0000000008002906        0x2 
 .text.__NVIC_SetPriorityGrouping
                0x0000000008002908       0x48 ./Drivers/STM32F1xx_HAL_Driver/Src/stm32f1xx_hal_cortex.o
 .text.__NVIC_GetPriorityGrouping
                0x0000000008002950       0x1c ./Drivers/STM32F1xx_HAL_Driver/Src/stm32f1xx_hal_cortex.o
 .text.__NVIC_EnableIRQ
                0x000000000800296c       0x38 ./Drivers/STM32F1xx_HAL_Driver/Src/stm32f1xx_hal_cortex.o
 .text.__NVIC_SetPriority
                0x00000000080029a4       0x54 ./Drivers/STM32F1xx_HAL_Driver/Src/stm32f1xx_hal_cortex.o
 .text.NVIC_EncodePriority
                0x00000000080029f8       0x64 ./Drivers/STM32F1xx_HAL_Driver/Src/stm32f1xx_hal_cortex.o
 .text.SysTick_Config
                0x0000000008002a5c       0x44 ./Drivers/STM32F1xx_HAL_Driver/Src/stm32f1xx_hal_cortex.o
 .text.HAL_NVIC_SetPriorityGrouping
                0x0000000008002aa0       0x16 ./Drivers/STM32F1xx_HAL_Driver/Src/stm32f1xx_hal_cortex.o
                0x0000000008002aa0                HAL_NVIC_SetPriorityGrouping
 .text.HAL_NVIC_SetPriority
                0x0000000008002ab6       0x38 ./Drivers/STM32F1xx_HAL_Driver/Src/stm32f1xx_hal_cortex.o
                0x0000000008002ab6                HAL_NVIC_SetPriority
 .text.HAL_NVIC_EnableIRQ
                0x0000000008002aee       0x1c ./Drivers/STM32F1xx_HAL_Driver/Src/stm32f1xx_hal_cortex.o
                0x0000000008002aee                HAL_NVIC_EnableIRQ
 .text.HAL_SYSTICK_Config
                0x0000000008002b0a       0x18 ./Drivers/STM32F1xx_HAL_Driver/Src/stm32f1xx_hal_cortex.o
                0x0000000008002b0a                HAL_SYSTICK_Config
 .text.HAL_DMA_Abort
                0x0000000008002b22       0x74 ./Drivers/STM32F1xx_HAL_Driver/Src/stm32f1xx_hal_dma.o
                0x0000000008002b22                HAL_DMA_Abort
 *fill*         0x0000000008002b96        0x2 
 .text.HAL_DMA_Abort_IT
                0x0000000008002b98       0xec ./Drivers/STM32F1xx_HAL_Driver/Src/stm32f1xx_hal_dma.o
                0x0000000008002b98                HAL_DMA_Abort_IT
 .text.HAL_GPIO_Init
                0x0000000008002c84      0x308 ./Drivers/STM32F1xx_HAL_Driver/Src/stm32f1xx_hal_gpio.o
                0x0000000008002c84                HAL_GPIO_Init
 .text.HAL_GPIO_ReadPin
                0x0000000008002f8c       0x2e ./Drivers/STM32F1xx_HAL_Driver/Src/stm32f1xx_hal_gpio.o
                0x0000000008002f8c                HAL_GPIO_ReadPin
 .text.HAL_GPIO_WritePin
                0x0000000008002fba       0x30 ./Drivers/STM32F1xx_HAL_Driver/Src/stm32f1xx_hal_gpio.o
                0x0000000008002fba                HAL_GPIO_WritePin
 *fill*         0x0000000008002fea        0x2 
 .text.HAL_GPIO_EXTI_IRQHandler
                0x0000000008002fec       0x30 ./Drivers/STM32F1xx_HAL_Driver/Src/stm32f1xx_hal_gpio.o
                0x0000000008002fec                HAL_GPIO_EXTI_IRQHandler
 .text.HAL_I2C_Init
                0x000000000800301c      0x288 ./Drivers/STM32F1xx_HAL_Driver/Src/stm32f1xx_hal_i2c.o
                0x000000000800301c                HAL_I2C_Init
 .text.HAL_I2C_Master_Transmit
                0x00000000080032a4      0x1fc ./Drivers/STM32F1xx_HAL_Driver/Src/stm32f1xx_hal_i2c.o
                0x00000000080032a4                HAL_I2C_Master_Transmit
 .text.I2C_MasterRequestWrite
                0x00000000080034a0      0x104 ./Drivers/STM32F1xx_HAL_Driver/Src/stm32f1xx_hal_i2c.o
 .text.I2C_WaitOnFlagUntilTimeout
                0x00000000080035a4       0xae ./Drivers/STM32F1xx_HAL_Driver/Src/stm32f1xx_hal_i2c.o
 .text.I2C_WaitOnMasterAddressFlagUntilTimeout
                0x0000000008003652       0xfe ./Drivers/STM32F1xx_HAL_Driver/Src/stm32f1xx_hal_i2c.o
 .text.I2C_WaitOnTXEFlagUntilTimeout
                0x0000000008003750       0x82 ./Drivers/STM32F1xx_HAL_Driver/Src/stm32f1xx_hal_i2c.o
 .text.I2C_WaitOnBTFFlagUntilTimeout
                0x00000000080037d2       0x82 ./Drivers/STM32F1xx_HAL_Driver/Src/stm32f1xx_hal_i2c.o
 .text.I2C_IsAcknowledgeFailed
                0x0000000008003854       0x5c ./Drivers/STM32F1xx_HAL_Driver/Src/stm32f1xx_hal_i2c.o
 .text.HAL_RCC_OscConfig
                0x00000000080038b0      0x504 ./Drivers/STM32F1xx_HAL_Driver/Src/stm32f1xx_hal_rcc.o
                0x00000000080038b0                HAL_RCC_OscConfig
 .text.HAL_RCC_ClockConfig
                0x0000000008003db4      0x1d4 ./Drivers/STM32F1xx_HAL_Driver/Src/stm32f1xx_hal_rcc.o
                0x0000000008003db4                HAL_RCC_ClockConfig
 .text.HAL_RCC_GetSysClockFreq
                0x0000000008003f88       0xbc ./Drivers/STM32F1xx_HAL_Driver/Src/stm32f1xx_hal_rcc.o
                0x0000000008003f88                HAL_RCC_GetSysClockFreq
 .text.HAL_RCC_GetHCLKFreq
                0x0000000008004044       0x14 ./Drivers/STM32F1xx_HAL_Driver/Src/stm32f1xx_hal_rcc.o
                0x0000000008004044                HAL_RCC_GetHCLKFreq
 .text.HAL_RCC_GetPCLK1Freq
                0x0000000008004058       0x28 ./Drivers/STM32F1xx_HAL_Driver/Src/stm32f1xx_hal_rcc.o
                0x0000000008004058                HAL_RCC_GetPCLK1Freq
 .text.HAL_RCC_GetPCLK2Freq
                0x0000000008004080       0x28 ./Drivers/STM32F1xx_HAL_Driver/Src/stm32f1xx_hal_rcc.o
                0x0000000008004080                HAL_RCC_GetPCLK2Freq
 .text.RCC_Delay
                0x00000000080040a8       0x3c ./Drivers/STM32F1xx_HAL_Driver/Src/stm32f1xx_hal_rcc.o
 .text.HAL_RCCEx_PeriphCLKConfig
                0x00000000080040e4      0x16c ./Drivers/STM32F1xx_HAL_Driver/Src/stm32f1xx_hal_rcc_ex.o
                0x00000000080040e4                HAL_RCCEx_PeriphCLKConfig
 .text.HAL_RCCEx_GetPeriphCLKFreq
                0x0000000008004250      0x180 ./Drivers/STM32F1xx_HAL_Driver/Src/stm32f1xx_hal_rcc_ex.o
                0x0000000008004250                HAL_RCCEx_GetPeriphCLKFreq
 .text.HAL_TIM_Base_Init
                0x00000000080043d0       0x9e ./Drivers/STM32F1xx_HAL_Driver/Src/stm32f1xx_hal_tim.o
                0x00000000080043d0                HAL_TIM_Base_Init
 *fill*         0x000000000800446e        0x2 
 .text.HAL_TIM_Base_Start
                0x0000000008004470       0x94 ./Drivers/STM32F1xx_HAL_Driver/Src/stm32f1xx_hal_tim.o
                0x0000000008004470                HAL_TIM_Base_Start
 .text.HAL_TIM_Base_Stop
                0x0000000008004504       0x4c ./Drivers/STM32F1xx_HAL_Driver/Src/stm32f1xx_hal_tim.o
                0x0000000008004504                HAL_TIM_Base_Stop
 .text.HAL_TIM_ConfigClockSource
                0x0000000008004550      0x188 ./Drivers/STM32F1xx_HAL_Driver/Src/stm32f1xx_hal_tim.o
                0x0000000008004550                HAL_TIM_ConfigClockSource
 .text.TIM_Base_SetConfig
                0x00000000080046d8       0xc4 ./Drivers/STM32F1xx_HAL_Driver/Src/stm32f1xx_hal_tim.o
                0x00000000080046d8                TIM_Base_SetConfig
 .text.TIM_TI1_ConfigInputStage
                0x000000000800479c       0x5c ./Drivers/STM32F1xx_HAL_Driver/Src/stm32f1xx_hal_tim.o
 .text.TIM_TI2_ConfigInputStage
                0x00000000080047f8       0x5e ./Drivers/STM32F1xx_HAL_Driver/Src/stm32f1xx_hal_tim.o
 .text.TIM_ITRx_SetConfig
                0x0000000008004856       0x34 ./Drivers/STM32F1xx_HAL_Driver/Src/stm32f1xx_hal_tim.o
 .text.TIM_ETR_SetConfig
                0x000000000800488a       0x3e ./Drivers/STM32F1xx_HAL_Driver/Src/stm32f1xx_hal_tim.o
                0x000000000800488a                TIM_ETR_SetConfig
 .text.HAL_TIMEx_MasterConfigSynchronization
                0x00000000080048c8       0xbc ./Drivers/STM32F1xx_HAL_Driver/Src/stm32f1xx_hal_tim_ex.o
                0x00000000080048c8                HAL_TIMEx_MasterConfigSynchronization
 .text.HAL_UART_Init
                0x0000000008004984       0x9a ./Drivers/STM32F1xx_HAL_Driver/Src/stm32f1xx_hal_uart.o
                0x0000000008004984                HAL_UART_Init
 .text.HAL_UART_Transmit
                0x0000000008004a1e      0x124 ./Drivers/STM32F1xx_HAL_Driver/Src/stm32f1xx_hal_uart.o
                0x0000000008004a1e                HAL_UART_Transmit
 .text.HAL_UART_Receive_IT
                0x0000000008004b42       0x60 ./Drivers/STM32F1xx_HAL_Driver/Src/stm32f1xx_hal_uart.o
                0x0000000008004b42                HAL_UART_Receive_IT
 *fill*         0x0000000008004ba2        0x2 
 .text.HAL_UART_IRQHandler
                0x0000000008004ba4      0x354 ./Drivers/STM32F1xx_HAL_Driver/Src/stm32f1xx_hal_uart.o
                0x0000000008004ba4                HAL_UART_IRQHandler
 .text.HAL_UART_TxCpltCallback
                0x0000000008004ef8       0x12 ./Drivers/STM32F1xx_HAL_Driver/Src/stm32f1xx_hal_uart.o
                0x0000000008004ef8                HAL_UART_TxCpltCallback
 .text.HAL_UART_ErrorCallback
                0x0000000008004f0a       0x12 ./Drivers/STM32F1xx_HAL_Driver/Src/stm32f1xx_hal_uart.o
                0x0000000008004f0a                HAL_UART_ErrorCallback
 .text.HAL_UARTEx_RxEventCallback
                0x0000000008004f1c       0x16 ./Drivers/STM32F1xx_HAL_Driver/Src/stm32f1xx_hal_uart.o
                0x0000000008004f1c                HAL_UARTEx_RxEventCallback
 .text.UART_WaitOnFlagUntilTimeout
                0x0000000008004f32       0x94 ./Drivers/STM32F1xx_HAL_Driver/Src/stm32f1xx_hal_uart.o
 .text.UART_Start_Receive_IT
                0x0000000008004fc6       0x72 ./Drivers/STM32F1xx_HAL_Driver/Src/stm32f1xx_hal_uart.o
                0x0000000008004fc6                UART_Start_Receive_IT
 .text.UART_EndRxTransfer
                0x0000000008005038       0x58 ./Drivers/STM32F1xx_HAL_Driver/Src/stm32f1xx_hal_uart.o
 .text.UART_DMAAbortOnError
                0x0000000008005090       0x28 ./Drivers/STM32F1xx_HAL_Driver/Src/stm32f1xx_hal_uart.o
 .text.UART_Transmit_IT
                0x00000000080050b8       0x9e ./Drivers/STM32F1xx_HAL_Driver/Src/stm32f1xx_hal_uart.o
 .text.UART_EndTransmit_IT
                0x0000000008005156       0x30 ./Drivers/STM32F1xx_HAL_Driver/Src/stm32f1xx_hal_uart.o
 .text.UART_Receive_IT
                0x0000000008005186      0x156 ./Drivers/STM32F1xx_HAL_Driver/Src/stm32f1xx_hal_uart.o
 .text.UART_SetConfig
                0x00000000080052dc      0x11c ./Drivers/STM32F1xx_HAL_Driver/Src/stm32f1xx_hal_uart.o
 .text.makeFreeRtosPriority
                0x00000000080053f8       0x2e ./Middlewares/Third_Party/FreeRTOS/Source/CMSIS_RTOS/cmsis_os.o
 .text.inHandlerMode
                0x0000000008005426       0x22 ./Middlewares/Third_Party/FreeRTOS/Source/CMSIS_RTOS/cmsis_os.o
 .text.osKernelStart
                0x0000000008005448        0xe ./Middlewares/Third_Party/FreeRTOS/Source/CMSIS_RTOS/cmsis_os.o
                0x0000000008005448                osKernelStart
 .text.osThreadCreate
                0x0000000008005456       0x98 ./Middlewares/Third_Party/FreeRTOS/Source/CMSIS_RTOS/cmsis_os.o
                0x0000000008005456                osThreadCreate
 .text.osDelay  0x00000000080054ee       0x28 ./Middlewares/Third_Party/FreeRTOS/Source/CMSIS_RTOS/cmsis_os.o
                0x00000000080054ee                osDelay
 .text.osSemaphoreCreate
                0x0000000008005516       0x64 ./Middlewares/Third_Party/FreeRTOS/Source/CMSIS_RTOS/cmsis_os.o
                0x0000000008005516                osSemaphoreCreate
 *fill*         0x000000000800557a        0x2 
 .text.osSemaphoreWait
                0x000000000800557c       0x9c ./Middlewares/Third_Party/FreeRTOS/Source/CMSIS_RTOS/cmsis_os.o
                0x000000000800557c                osSemaphoreWait
 .text.osSemaphoreRelease
                0x0000000008005618       0x6c ./Middlewares/Third_Party/FreeRTOS/Source/CMSIS_RTOS/cmsis_os.o
                0x0000000008005618                osSemaphoreRelease
 .text.osMessageCreate
                0x0000000008005684       0x50 ./Middlewares/Third_Party/FreeRTOS/Source/CMSIS_RTOS/cmsis_os.o
                0x0000000008005684                osMessageCreate
 .text.vListInitialise
                0x00000000080056d4       0x3e ./Middlewares/Third_Party/FreeRTOS/Source/list.o
                0x00000000080056d4                vListInitialise
 .text.vListInitialiseItem
                0x0000000008005712       0x18 ./Middlewares/Third_Party/FreeRTOS/Source/list.o
                0x0000000008005712                vListInitialiseItem
 .text.vListInsertEnd
                0x000000000800572a       0x46 ./Middlewares/Third_Party/FreeRTOS/Source/list.o
                0x000000000800572a                vListInsertEnd
 .text.vListInsert
                0x0000000008005770       0x70 ./Middlewares/Third_Party/FreeRTOS/Source/list.o
                0x0000000008005770                vListInsert
 .text.uxListRemove
                0x00000000080057e0       0x52 ./Middlewares/Third_Party/FreeRTOS/Source/list.o
                0x00000000080057e0                uxListRemove
 *fill*         0x0000000008005832        0x2 
 .text.xQueueGenericReset
                0x0000000008005834       0xd0 ./Middlewares/Third_Party/FreeRTOS/Source/queue.o
                0x0000000008005834                xQueueGenericReset
 .text.xQueueGenericCreateStatic
                0x0000000008005904       0xee ./Middlewares/Third_Party/FreeRTOS/Source/queue.o
                0x0000000008005904                xQueueGenericCreateStatic
 .text.xQueueGenericCreate
                0x00000000080059f2       0x7c ./Middlewares/Third_Party/FreeRTOS/Source/queue.o
                0x00000000080059f2                xQueueGenericCreate
 .text.prvInitialiseNewQueue
                0x0000000008005a6e       0x3e ./Middlewares/Third_Party/FreeRTOS/Source/queue.o
 .text.xQueueGenericSend
                0x0000000008005aac      0x1fc ./Middlewares/Third_Party/FreeRTOS/Source/queue.o
                0x0000000008005aac                xQueueGenericSend
 .text.xQueueGiveFromISR
                0x0000000008005ca8      0x11a ./Middlewares/Third_Party/FreeRTOS/Source/queue.o
                0x0000000008005ca8                xQueueGiveFromISR
 *fill*         0x0000000008005dc2        0x2 
 .text.xQueueSemaphoreTake
                0x0000000008005dc4      0x218 ./Middlewares/Third_Party/FreeRTOS/Source/queue.o
                0x0000000008005dc4                xQueueSemaphoreTake
 .text.xQueueReceiveFromISR
                0x0000000008005fdc      0x100 ./Middlewares/Third_Party/FreeRTOS/Source/queue.o
                0x0000000008005fdc                xQueueReceiveFromISR
 .text.prvGetDisinheritPriorityAfterTimeout
                0x00000000080060dc       0x2e ./Middlewares/Third_Party/FreeRTOS/Source/queue.o
 .text.prvCopyDataToQueue
                0x000000000800610a       0xd4 ./Middlewares/Third_Party/FreeRTOS/Source/queue.o
 .text.prvCopyDataFromQueue
                0x00000000080061de       0x4c ./Middlewares/Third_Party/FreeRTOS/Source/queue.o
 .text.prvUnlockQueue
                0x000000000800622a       0xa4 ./Middlewares/Third_Party/FreeRTOS/Source/queue.o
 .text.prvIsQueueEmpty
                0x00000000080062ce       0x2c ./Middlewares/Third_Party/FreeRTOS/Source/queue.o
 .text.prvIsQueueFull
                0x00000000080062fa       0x30 ./Middlewares/Third_Party/FreeRTOS/Source/queue.o
 .text.xTaskCreateStatic
                0x000000000800632a       0xb8 ./Middlewares/Third_Party/FreeRTOS/Source/tasks.o
                0x000000000800632a                xTaskCreateStatic
 .text.xTaskCreate
                0x00000000080063e2       0x8a ./Middlewares/Third_Party/FreeRTOS/Source/tasks.o
                0x00000000080063e2                xTaskCreate
 .text.prvInitialiseNewTask
                0x000000000800646c      0x12c ./Middlewares/Third_Party/FreeRTOS/Source/tasks.o
 .text.prvAddNewTaskToReadyList
                0x0000000008006598       0xd4 ./Middlewares/Third_Party/FreeRTOS/Source/tasks.o
 .text.vTaskDelay
                0x000000000800666c       0x68 ./Middlewares/Third_Party/FreeRTOS/Source/tasks.o
                0x000000000800666c                vTaskDelay
 .text.vTaskStartScheduler
                0x00000000080066d4       0xd4 ./Middlewares/Third_Party/FreeRTOS/Source/tasks.o
                0x00000000080066d4                vTaskStartScheduler
 .text.vTaskSuspendAll
                0x00000000080067a8       0x1c ./Middlewares/Third_Party/FreeRTOS/Source/tasks.o
                0x00000000080067a8                vTaskSuspendAll
 .text.xTaskResumeAll
                0x00000000080067c4      0x138 ./Middlewares/Third_Party/FreeRTOS/Source/tasks.o
                0x00000000080067c4                xTaskResumeAll
 .text.xTaskIncrementTick
                0x00000000080068fc      0x17c ./Middlewares/Third_Party/FreeRTOS/Source/tasks.o
                0x00000000080068fc                xTaskIncrementTick
 .text.vTaskSwitchContext
                0x0000000008006a78       0xc4 ./Middlewares/Third_Party/FreeRTOS/Source/tasks.o
                0x0000000008006a78                vTaskSwitchContext
 .text.vTaskPlaceOnEventList
                0x0000000008006b3c       0x48 ./Middlewares/Third_Party/FreeRTOS/Source/tasks.o
                0x0000000008006b3c                vTaskPlaceOnEventList
 .text.xTaskRemoveFromEventList
                0x0000000008006b84       0xc4 ./Middlewares/Third_Party/FreeRTOS/Source/tasks.o
                0x0000000008006b84                xTaskRemoveFromEventList
 .text.vTaskInternalSetTimeOutState
                0x0000000008006c48       0x2c ./Middlewares/Third_Party/FreeRTOS/Source/tasks.o
                0x0000000008006c48                vTaskInternalSetTimeOutState
 .text.xTaskCheckForTimeOut
                0x0000000008006c74       0xc4 ./Middlewares/Third_Party/FreeRTOS/Source/tasks.o
                0x0000000008006c74                xTaskCheckForTimeOut
 .text.vTaskMissedYield
                0x0000000008006d38       0x18 ./Middlewares/Third_Party/FreeRTOS/Source/tasks.o
                0x0000000008006d38                vTaskMissedYield
 .text.prvIdleTask
                0x0000000008006d50       0x30 ./Middlewares/Third_Party/FreeRTOS/Source/tasks.o
 .text.prvInitialiseTaskLists
                0x0000000008006d80       0x80 ./Middlewares/Third_Party/FreeRTOS/Source/tasks.o
 .text.prvCheckTasksWaitingTermination
                0x0000000008006e00       0x5c ./Middlewares/Third_Party/FreeRTOS/Source/tasks.o
 .text.prvDeleteTCB
                0x0000000008006e5c       0x68 ./Middlewares/Third_Party/FreeRTOS/Source/tasks.o
 .text.prvResetNextTaskUnblockTime
                0x0000000008006ec4       0x48 ./Middlewares/Third_Party/FreeRTOS/Source/tasks.o
 .text.xTaskGetSchedulerState
                0x0000000008006f0c       0x3c ./Middlewares/Third_Party/FreeRTOS/Source/tasks.o
                0x0000000008006f0c                xTaskGetSchedulerState
 .text.xTaskPriorityInherit
                0x0000000008006f48      0x10c ./Middlewares/Third_Party/FreeRTOS/Source/tasks.o
                0x0000000008006f48                xTaskPriorityInherit
 .text.xTaskPriorityDisinherit
                0x0000000008007054      0x10c ./Middlewares/Third_Party/FreeRTOS/Source/tasks.o
                0x0000000008007054                xTaskPriorityDisinherit
 .text.vTaskPriorityDisinheritAfterTimeout
                0x0000000008007160      0x140 ./Middlewares/Third_Party/FreeRTOS/Source/tasks.o
                0x0000000008007160                vTaskPriorityDisinheritAfterTimeout
 .text.pvTaskIncrementMutexHeldCount
                0x00000000080072a0       0x28 ./Middlewares/Third_Party/FreeRTOS/Source/tasks.o
                0x00000000080072a0                pvTaskIncrementMutexHeldCount
 .text.prvAddCurrentTaskToDelayedList
                0x00000000080072c8       0xcc ./Middlewares/Third_Party/FreeRTOS/Source/tasks.o
 .text.pxPortInitialiseStack
                0x0000000008007394       0x58 ./Middlewares/Third_Party/FreeRTOS/Source/portable/GCC/ARM_CM3/port.o
                0x0000000008007394                pxPortInitialiseStack
 .text.prvTaskExitError
                0x00000000080073ec       0x58 ./Middlewares/Third_Party/FreeRTOS/Source/portable/GCC/ARM_CM3/port.o
 *fill*         0x0000000008007444        0xc 
 .text.SVC_Handler
                0x0000000008007450       0x28 ./Middlewares/Third_Party/FreeRTOS/Source/portable/GCC/ARM_CM3/port.o
                0x0000000008007450                SVC_Handler
 .text.prvPortStartFirstTask
                0x0000000008007478       0x20 ./Middlewares/Third_Party/FreeRTOS/Source/portable/GCC/ARM_CM3/port.o
 .text.xPortStartScheduler
                0x0000000008007498       0xe4 ./Middlewares/Third_Party/FreeRTOS/Source/portable/GCC/ARM_CM3/port.o
                0x0000000008007498                xPortStartScheduler
 .text.vPortEnterCritical
                0x000000000800757c       0x60 ./Middlewares/Third_Party/FreeRTOS/Source/portable/GCC/ARM_CM3/port.o
                0x000000000800757c                vPortEnterCritical
 .text.vPortExitCritical
                0x00000000080075dc       0x50 ./Middlewares/Third_Party/FreeRTOS/Source/portable/GCC/ARM_CM3/port.o
                0x00000000080075dc                vPortExitCritical
 *fill*         0x000000000800762c        0x4 
 .text.PendSV_Handler
                0x0000000008007630       0x48 ./Middlewares/Third_Party/FreeRTOS/Source/portable/GCC/ARM_CM3/port.o
                0x0000000008007630                PendSV_Handler
 .text.xPortSysTickHandler
                0x0000000008007678       0x44 ./Middlewares/Third_Party/FreeRTOS/Source/portable/GCC/ARM_CM3/port.o
                0x0000000008007678                xPortSysTickHandler
 .text.vPortSetupTimerInterrupt
                0x00000000080076bc       0x44 ./Middlewares/Third_Party/FreeRTOS/Source/portable/GCC/ARM_CM3/port.o
                0x00000000080076bc                vPortSetupTimerInterrupt
 .text.vPortValidateInterruptPriority
                0x0000000008007700       0x7c ./Middlewares/Third_Party/FreeRTOS/Source/portable/GCC/ARM_CM3/port.o
                0x0000000008007700                vPortValidateInterruptPriority
 .text.pvPortMalloc
                0x000000000800777c      0x188 ./Middlewares/Third_Party/FreeRTOS/Source/portable/MemMang/heap_4.o
                0x000000000800777c                pvPortMalloc
 .text.vPortFree
                0x0000000008007904       0xb4 ./Middlewares/Third_Party/FreeRTOS/Source/portable/MemMang/heap_4.o
                0x0000000008007904                vPortFree
 .text.prvHeapInit
                0x00000000080079b8       0xc4 ./Middlewares/Third_Party/FreeRTOS/Source/portable/MemMang/heap_4.o
 .text.prvInsertBlockIntoFreeList
                0x0000000008007a7c       0xb0 ./Middlewares/Third_Party/FreeRTOS/Source/portable/MemMang/heap_4.o
 .text.atoi     0x0000000008007b2c        0x8 d:/luu_phan_mem/luu_cube_ide/stm32cubeide_1.10.1/stm32cubeide/plugins/com.st.stm32cube.ide.mcu.externaltools.gnu-tools-for-stm32.10.3-2021.10.win32_1.0.0.202111181127/tools/bin/../lib/gcc/arm-none-eabi/10.3.1/../../../../arm-none-eabi/lib/thumb/v7-m/nofp\libc_nano.a(lib_a-atoi.o)
                0x0000000008007b2c                atoi
 .text.__errno  0x0000000008007b34        0xc d:/luu_phan_mem/luu_cube_ide/stm32cubeide_1.10.1/stm32cubeide/plugins/com.st.stm32cube.ide.mcu.externaltools.gnu-tools-for-stm32.10.3-2021.10.win32_1.0.0.202111181127/tools/bin/../lib/gcc/arm-none-eabi/10.3.1/../../../../arm-none-eabi/lib/thumb/v7-m/nofp\libc_nano.a(lib_a-errno.o)
                0x0000000008007b34                __errno
 .text.__libc_init_array
                0x0000000008007b40       0x48 d:/luu_phan_mem/luu_cube_ide/stm32cubeide_1.10.1/stm32cubeide/plugins/com.st.stm32cube.ide.mcu.externaltools.gnu-tools-for-stm32.10.3-2021.10.win32_1.0.0.202111181127/tools/bin/../lib/gcc/arm-none-eabi/10.3.1/../../../../arm-none-eabi/lib/thumb/v7-m/nofp\libc_nano.a(lib_a-init.o)
                0x0000000008007b40                __libc_init_array
 .text.__retarget_lock_acquire_recursive
                0x0000000008007b88        0x2 d:/luu_phan_mem/luu_cube_ide/stm32cubeide_1.10.1/stm32cubeide/plugins/com.st.stm32cube.ide.mcu.externaltools.gnu-tools-for-stm32.10.3-2021.10.win32_1.0.0.202111181127/tools/bin/../lib/gcc/arm-none-eabi/10.3.1/../../../../arm-none-eabi/lib/thumb/v7-m/nofp\libc_nano.a(lib_a-lock.o)
                0x0000000008007b88                __retarget_lock_acquire_recursive
 .text.__retarget_lock_release_recursive
                0x0000000008007b8a        0x2 d:/luu_phan_mem/luu_cube_ide/stm32cubeide_1.10.1/stm32cubeide/plugins/com.st.stm32cube.ide.mcu.externaltools.gnu-tools-for-stm32.10.3-2021.10.win32_1.0.0.202111181127/tools/bin/../lib/gcc/arm-none-eabi/10.3.1/../../../../arm-none-eabi/lib/thumb/v7-m/nofp\libc_nano.a(lib_a-lock.o)
                0x0000000008007b8a                __retarget_lock_release_recursive
 .text.memcpy   0x0000000008007b8c       0x1c d:/luu_phan_mem/luu_cube_ide/stm32cubeide_1.10.1/stm32cubeide/plugins/com.st.stm32cube.ide.mcu.externaltools.gnu-tools-for-stm32.10.3-2021.10.win32_1.0.0.202111181127/tools/bin/../lib/gcc/arm-none-eabi/10.3.1/../../../../arm-none-eabi/lib/thumb/v7-m/nofp\libc_nano.a(lib_a-memcpy-stub.o)
                0x0000000008007b8c                memcpy
 .text.memset   0x0000000008007ba8       0x10 d:/luu_phan_mem/luu_cube_ide/stm32cubeide_1.10.1/stm32cubeide/plugins/com.st.stm32cube.ide.mcu.externaltools.gnu-tools-for-stm32.10.3-2021.10.win32_1.0.0.202111181127/tools/bin/../lib/gcc/arm-none-eabi/10.3.1/../../../../arm-none-eabi/lib/thumb/v7-m/nofp\libc_nano.a(lib_a-memset.o)
                0x0000000008007ba8                memset
 .text.sbrk_aligned
                0x0000000008007bb8       0x40 d:/luu_phan_mem/luu_cube_ide/stm32cubeide_1.10.1/stm32cubeide/plugins/com.st.stm32cube.ide.mcu.externaltools.gnu-tools-for-stm32.10.3-2021.10.win32_1.0.0.202111181127/tools/bin/../lib/gcc/arm-none-eabi/10.3.1/../../../../arm-none-eabi/lib/thumb/v7-m/nofp\libc_nano.a(lib_a-nano-mallocr.o)
 .text._malloc_r
                0x0000000008007bf8       0xe8 d:/luu_phan_mem/luu_cube_ide/stm32cubeide_1.10.1/stm32cubeide/plugins/com.st.stm32cube.ide.mcu.externaltools.gnu-tools-for-stm32.10.3-2021.10.win32_1.0.0.202111181127/tools/bin/../lib/gcc/arm-none-eabi/10.3.1/../../../../arm-none-eabi/lib/thumb/v7-m/nofp\libc_nano.a(lib_a-nano-mallocr.o)
                0x0000000008007bf8                _malloc_r
 .text.cleanup_glue
                0x0000000008007ce0       0x1a d:/luu_phan_mem/luu_cube_ide/stm32cubeide_1.10.1/stm32cubeide/plugins/com.st.stm32cube.ide.mcu.externaltools.gnu-tools-for-stm32.10.3-2021.10.win32_1.0.0.202111181127/tools/bin/../lib/gcc/arm-none-eabi/10.3.1/../../../../arm-none-eabi/lib/thumb/v7-m/nofp\libc_nano.a(lib_a-reent.o)
                0x0000000008007ce0                cleanup_glue
 *fill*         0x0000000008007cfa        0x2 
 .text._reclaim_reent
                0x0000000008007cfc       0xb8 d:/luu_phan_mem/luu_cube_ide/stm32cubeide_1.10.1/stm32cubeide/plugins/com.st.stm32cube.ide.mcu.externaltools.gnu-tools-for-stm32.10.3-2021.10.win32_1.0.0.202111181127/tools/bin/../lib/gcc/arm-none-eabi/10.3.1/../../../../arm-none-eabi/lib/thumb/v7-m/nofp\libc_nano.a(lib_a-reent.o)
                0x0000000008007cfc                _reclaim_reent
 .text._sbrk_r  0x0000000008007db4       0x20 d:/luu_phan_mem/luu_cube_ide/stm32cubeide_1.10.1/stm32cubeide/plugins/com.st.stm32cube.ide.mcu.externaltools.gnu-tools-for-stm32.10.3-2021.10.win32_1.0.0.202111181127/tools/bin/../lib/gcc/arm-none-eabi/10.3.1/../../../../arm-none-eabi/lib/thumb/v7-m/nofp\libc_nano.a(lib_a-sbrkr.o)
                0x0000000008007db4                _sbrk_r
 .text.sprintf  0x0000000008007dd4       0x40 d:/luu_phan_mem/luu_cube_ide/stm32cubeide_1.10.1/stm32cubeide/plugins/com.st.stm32cube.ide.mcu.externaltools.gnu-tools-for-stm32.10.3-2021.10.win32_1.0.0.202111181127/tools/bin/../lib/gcc/arm-none-eabi/10.3.1/../../../../arm-none-eabi/lib/thumb/v7-m/nofp\libc_nano.a(lib_a-sprintf.o)
                0x0000000008007dd4                siprintf
                0x0000000008007dd4                sprintf
 .text.strncpy  0x0000000008007e14       0x26 d:/luu_phan_mem/luu_cube_ide/stm32cubeide_1.10.1/stm32cubeide/plugins/com.st.stm32cube.ide.mcu.externaltools.gnu-tools-for-stm32.10.3-2021.10.win32_1.0.0.202111181127/tools/bin/../lib/gcc/arm-none-eabi/10.3.1/../../../../arm-none-eabi/lib/thumb/v7-m/nofp\libc_nano.a(lib_a-strncpy.o)
                0x0000000008007e14                strncpy
 *fill*         0x0000000008007e3a        0x2 
 .text._strtol_l.constprop.0
                0x0000000008007e3c       0xf8 d:/luu_phan_mem/luu_cube_ide/stm32cubeide_1.10.1/stm32cubeide/plugins/com.st.stm32cube.ide.mcu.externaltools.gnu-tools-for-stm32.10.3-2021.10.win32_1.0.0.202111181127/tools/bin/../lib/gcc/arm-none-eabi/10.3.1/../../../../arm-none-eabi/lib/thumb/v7-m/nofp\libc_nano.a(lib_a-strtol.o)
 .text.strtol   0x0000000008007f34       0x14 d:/luu_phan_mem/luu_cube_ide/stm32cubeide_1.10.1/stm32cubeide/plugins/com.st.stm32cube.ide.mcu.externaltools.gnu-tools-for-stm32.10.3-2021.10.win32_1.0.0.202111181127/tools/bin/../lib/gcc/arm-none-eabi/10.3.1/../../../../arm-none-eabi/lib/thumb/v7-m/nofp\libc_nano.a(lib_a-strtol.o)
                0x0000000008007f34                strtol
 .text.__malloc_lock
                0x0000000008007f48        0xc d:/luu_phan_mem/luu_cube_ide/stm32cubeide_1.10.1/stm32cubeide/plugins/com.st.stm32cube.ide.mcu.externaltools.gnu-tools-for-stm32.10.3-2021.10.win32_1.0.0.202111181127/tools/bin/../lib/gcc/arm-none-eabi/10.3.1/../../../../arm-none-eabi/lib/thumb/v7-m/nofp\libc_nano.a(lib_a-mlock.o)
                0x0000000008007f48                __malloc_lock
 .text.__malloc_unlock
                0x0000000008007f54        0xc d:/luu_phan_mem/luu_cube_ide/stm32cubeide_1.10.1/stm32cubeide/plugins/com.st.stm32cube.ide.mcu.externaltools.gnu-tools-for-stm32.10.3-2021.10.win32_1.0.0.202111181127/tools/bin/../lib/gcc/arm-none-eabi/10.3.1/../../../../arm-none-eabi/lib/thumb/v7-m/nofp\libc_nano.a(lib_a-mlock.o)
                0x0000000008007f54                __malloc_unlock
 .text._free_r  0x0000000008007f60       0x90 d:/luu_phan_mem/luu_cube_ide/stm32cubeide_1.10.1/stm32cubeide/plugins/com.st.stm32cube.ide.mcu.externaltools.gnu-tools-for-stm32.10.3-2021.10.win32_1.0.0.202111181127/tools/bin/../lib/gcc/arm-none-eabi/10.3.1/../../../../arm-none-eabi/lib/thumb/v7-m/nofp\libc_nano.a(lib_a-nano-freer.o)
                0x0000000008007f60                _free_r
 .text.__ssputs_r
                0x0000000008007ff0       0xb6 d:/luu_phan_mem/luu_cube_ide/stm32cubeide_1.10.1/stm32cubeide/plugins/com.st.stm32cube.ide.mcu.externaltools.gnu-tools-for-stm32.10.3-2021.10.win32_1.0.0.202111181127/tools/bin/../lib/gcc/arm-none-eabi/10.3.1/../../../../arm-none-eabi/lib/thumb/v7-m/nofp\libc_nano.a(lib_a-nano-svfprintf.o)
                0x0000000008007ff0                __ssputs_r
 *fill*         0x00000000080080a6        0x2 
 .text._svfprintf_r
                0x00000000080080a8      0x200 d:/luu_phan_mem/luu_cube_ide/stm32cubeide_1.10.1/stm32cubeide/plugins/com.st.stm32cube.ide.mcu.externaltools.gnu-tools-for-stm32.10.3-2021.10.win32_1.0.0.202111181127/tools/bin/../lib/gcc/arm-none-eabi/10.3.1/../../../../arm-none-eabi/lib/thumb/v7-m/nofp\libc_nano.a(lib_a-nano-svfprintf.o)
                0x00000000080080a8                _svfiprintf_r
                0x00000000080080a8                _svfprintf_r
 .text._printf_common
                0x00000000080082a8       0xde d:/luu_phan_mem/luu_cube_ide/stm32cubeide_1.10.1/stm32cubeide/plugins/com.st.stm32cube.ide.mcu.externaltools.gnu-tools-for-stm32.10.3-2021.10.win32_1.0.0.202111181127/tools/bin/../lib/gcc/arm-none-eabi/10.3.1/../../../../arm-none-eabi/lib/thumb/v7-m/nofp\libc_nano.a(lib_a-nano-vfprintf_i.o)
                0x00000000080082a8                _printf_common
 *fill*         0x0000000008008386        0x2 
 .text._printf_i
                0x0000000008008388      0x24c d:/luu_phan_mem/luu_cube_ide/stm32cubeide_1.10.1/stm32cubeide/plugins/com.st.stm32cube.ide.mcu.externaltools.gnu-tools-for-stm32.10.3-2021.10.win32_1.0.0.202111181127/tools/bin/../lib/gcc/arm-none-eabi/10.3.1/../../../../arm-none-eabi/lib/thumb/v7-m/nofp\libc_nano.a(lib_a-nano-vfprintf_i.o)
                0x0000000008008388                _printf_i
 .text.memchr   0x00000000080085d4       0x1c d:/luu_phan_mem/luu_cube_ide/stm32cubeide_1.10.1/stm32cubeide/plugins/com.st.stm32cube.ide.mcu.externaltools.gnu-tools-for-stm32.10.3-2021.10.win32_1.0.0.202111181127/tools/bin/../lib/gcc/arm-none-eabi/10.3.1/../../../../arm-none-eabi/lib/thumb/v7-m/nofp\libc_nano.a(lib_a-memchr-stub.o)
                0x00000000080085d4                memchr
 .text.memmove  0x00000000080085f0       0x34 d:/luu_phan_mem/luu_cube_ide/stm32cubeide_1.10.1/stm32cubeide/plugins/com.st.stm32cube.ide.mcu.externaltools.gnu-tools-for-stm32.10.3-2021.10.win32_1.0.0.202111181127/tools/bin/../lib/gcc/arm-none-eabi/10.3.1/../../../../arm-none-eabi/lib/thumb/v7-m/nofp\libc_nano.a(lib_a-memmove.o)
                0x00000000080085f0                memmove
 .text._realloc_r
                0x0000000008008624       0x5e d:/luu_phan_mem/luu_cube_ide/stm32cubeide_1.10.1/stm32cubeide/plugins/com.st.stm32cube.ide.mcu.externaltools.gnu-tools-for-stm32.10.3-2021.10.win32_1.0.0.202111181127/tools/bin/../lib/gcc/arm-none-eabi/10.3.1/../../../../arm-none-eabi/lib/thumb/v7-m/nofp\libc_nano.a(lib_a-nano-reallocr.o)
                0x0000000008008624                _realloc_r
 .text._malloc_usable_size_r
                0x0000000008008682       0x10 d:/luu_phan_mem/luu_cube_ide/stm32cubeide_1.10.1/stm32cubeide/plugins/com.st.stm32cube.ide.mcu.externaltools.gnu-tools-for-stm32.10.3-2021.10.win32_1.0.0.202111181127/tools/bin/../lib/gcc/arm-none-eabi/10.3.1/../../../../arm-none-eabi/lib/thumb/v7-m/nofp\libc_nano.a(lib_a-nano-msizer.o)
                0x0000000008008682                _malloc_usable_size_r
 *(.glue_7)
 .glue_7        0x0000000008008692        0x0 linker stubs
 *(.glue_7t)
 .glue_7t       0x0000000008008692        0x0 linker stubs
 *(.eh_frame)
 *fill*         0x0000000008008692        0x2 
 .eh_frame      0x0000000008008694        0x0 d:/luu_phan_mem/luu_cube_ide/stm32cubeide_1.10.1/stm32cubeide/plugins/com.st.stm32cube.ide.mcu.externaltools.gnu-tools-for-stm32.10.3-2021.10.win32_1.0.0.202111181127/tools/bin/../lib/gcc/arm-none-eabi/10.3.1/thumb/v7-m/nofp/crtbegin.o
 *(.init)
 .init          0x0000000008008694        0x4 d:/luu_phan_mem/luu_cube_ide/stm32cubeide_1.10.1/stm32cubeide/plugins/com.st.stm32cube.ide.mcu.externaltools.gnu-tools-for-stm32.10.3-2021.10.win32_1.0.0.202111181127/tools/bin/../lib/gcc/arm-none-eabi/10.3.1/thumb/v7-m/nofp/crti.o
                0x0000000008008694                _init
 .init          0x0000000008008698        0x8 d:/luu_phan_mem/luu_cube_ide/stm32cubeide_1.10.1/stm32cubeide/plugins/com.st.stm32cube.ide.mcu.externaltools.gnu-tools-for-stm32.10.3-2021.10.win32_1.0.0.202111181127/tools/bin/../lib/gcc/arm-none-eabi/10.3.1/thumb/v7-m/nofp/crtn.o
 *(.fini)
 .fini          0x00000000080086a0        0x4 d:/luu_phan_mem/luu_cube_ide/stm32cubeide_1.10.1/stm32cubeide/plugins/com.st.stm32cube.ide.mcu.externaltools.gnu-tools-for-stm32.10.3-2021.10.win32_1.0.0.202111181127/tools/bin/../lib/gcc/arm-none-eabi/10.3.1/thumb/v7-m/nofp/crti.o
                0x00000000080086a0                _fini
 .fini          0x00000000080086a4        0x8 d:/luu_phan_mem/luu_cube_ide/stm32cubeide_1.10.1/stm32cubeide/plugins/com.st.stm32cube.ide.mcu.externaltools.gnu-tools-for-stm32.10.3-2021.10.win32_1.0.0.202111181127/tools/bin/../lib/gcc/arm-none-eabi/10.3.1/thumb/v7-m/nofp/crtn.o
                0x00000000080086ac                . = ALIGN (0x4)
                0x00000000080086ac                _etext = .

.vfp11_veneer   0x00000000080086ac        0x0
 .vfp11_veneer  0x00000000080086ac        0x0 linker stubs

.v4_bx          0x00000000080086ac        0x0
 .v4_bx         0x00000000080086ac        0x0 linker stubs

.iplt           0x00000000080086ac        0x0
 .iplt          0x00000000080086ac        0x0 d:/luu_phan_mem/luu_cube_ide/stm32cubeide_1.10.1/stm32cubeide/plugins/com.st.stm32cube.ide.mcu.externaltools.gnu-tools-for-stm32.10.3-2021.10.win32_1.0.0.202111181127/tools/bin/../lib/gcc/arm-none-eabi/10.3.1/thumb/v7-m/nofp/crtbegin.o

.rodata         0x00000000080086ac      0x2bc
                0x00000000080086ac                . = ALIGN (0x4)
 *(.rodata)
 .rodata        0x00000000080086ac       0xe6 ./Core/Src/main.o
 *fill*         0x0000000008008792        0x2 
 .rodata        0x0000000008008794       0x10 ./Drivers/STM32F1xx_HAL_Driver/Src/stm32f1xx_hal_rcc.o
 .rodata        0x00000000080087a4       0x10 ./Drivers/STM32F1xx_HAL_Driver/Src/stm32f1xx_hal_rcc_ex.o
 .rodata        0x00000000080087b4        0x5 ./Middlewares/Third_Party/FreeRTOS/Source/tasks.o
 *(.rodata*)
 *fill*         0x00000000080087b9        0x3 
 .rodata.AHBPrescTable
                0x00000000080087bc       0x10 ./Core/Src/system_stm32f1xx.o
                0x00000000080087bc                AHBPrescTable
 .rodata.APBPrescTable
                0x00000000080087cc        0x8 ./Core/Src/system_stm32f1xx.o
                0x00000000080087cc                APBPrescTable
 .rodata.__sf_fake_stderr
                0x00000000080087d4       0x20 d:/luu_phan_mem/luu_cube_ide/stm32cubeide_1.10.1/stm32cubeide/plugins/com.st.stm32cube.ide.mcu.externaltools.gnu-tools-for-stm32.10.3-2021.10.win32_1.0.0.202111181127/tools/bin/../lib/gcc/arm-none-eabi/10.3.1/../../../../arm-none-eabi/lib/thumb/v7-m/nofp\libc_nano.a(lib_a-findfp.o)
                0x00000000080087d4                __sf_fake_stderr
 .rodata.__sf_fake_stdin
                0x00000000080087f4       0x20 d:/luu_phan_mem/luu_cube_ide/stm32cubeide_1.10.1/stm32cubeide/plugins/com.st.stm32cube.ide.mcu.externaltools.gnu-tools-for-stm32.10.3-2021.10.win32_1.0.0.202111181127/tools/bin/../lib/gcc/arm-none-eabi/10.3.1/../../../../arm-none-eabi/lib/thumb/v7-m/nofp\libc_nano.a(lib_a-findfp.o)
                0x00000000080087f4                __sf_fake_stdin
 .rodata.__sf_fake_stdout
                0x0000000008008814       0x20 d:/luu_phan_mem/luu_cube_ide/stm32cubeide_1.10.1/stm32cubeide/plugins/com.st.stm32cube.ide.mcu.externaltools.gnu-tools-for-stm32.10.3-2021.10.win32_1.0.0.202111181127/tools/bin/../lib/gcc/arm-none-eabi/10.3.1/../../../../arm-none-eabi/lib/thumb/v7-m/nofp\libc_nano.a(lib_a-findfp.o)
                0x0000000008008814                __sf_fake_stdout
 .rodata._ctype_
                0x0000000008008834      0x101 d:/luu_phan_mem/luu_cube_ide/stm32cubeide_1.10.1/stm32cubeide/plugins/com.st.stm32cube.ide.mcu.externaltools.gnu-tools-for-stm32.10.3-2021.10.win32_1.0.0.202111181127/tools/bin/../lib/gcc/arm-none-eabi/10.3.1/../../../../arm-none-eabi/lib/thumb/v7-m/nofp\libc_nano.a(lib_a-ctype_.o)
                0x0000000008008834                _ctype_
 .rodata._svfprintf_r.str1.1
                0x0000000008008935       0x11 d:/luu_phan_mem/luu_cube_ide/stm32cubeide_1.10.1/stm32cubeide/plugins/com.st.stm32cube.ide.mcu.externaltools.gnu-tools-for-stm32.10.3-2021.10.win32_1.0.0.202111181127/tools/bin/../lib/gcc/arm-none-eabi/10.3.1/../../../../arm-none-eabi/lib/thumb/v7-m/nofp\libc_nano.a(lib_a-nano-svfprintf.o)
 .rodata._printf_i.str1.1
                0x0000000008008946       0x22 d:/luu_phan_mem/luu_cube_ide/stm32cubeide_1.10.1/stm32cubeide/plugins/com.st.stm32cube.ide.mcu.externaltools.gnu-tools-for-stm32.10.3-2021.10.win32_1.0.0.202111181127/tools/bin/../lib/gcc/arm-none-eabi/10.3.1/../../../../arm-none-eabi/lib/thumb/v7-m/nofp\libc_nano.a(lib_a-nano-vfprintf_i.o)
                0x0000000008008968                . = ALIGN (0x4)

.rel.dyn        0x0000000008008968        0x0
 .rel.iplt      0x0000000008008968        0x0 d:/luu_phan_mem/luu_cube_ide/stm32cubeide_1.10.1/stm32cubeide/plugins/com.st.stm32cube.ide.mcu.externaltools.gnu-tools-for-stm32.10.3-2021.10.win32_1.0.0.202111181127/tools/bin/../lib/gcc/arm-none-eabi/10.3.1/thumb/v7-m/nofp/crtbegin.o

.ARM.extab      0x0000000008008968        0x0
                0x0000000008008968                . = ALIGN (0x4)
 *(.ARM.extab* .gnu.linkonce.armextab.*)
                0x0000000008008968                . = ALIGN (0x4)

.ARM            0x0000000008008968        0x0
                0x0000000008008968                . = ALIGN (0x4)
                0x0000000008008968                __exidx_start = .
 *(.ARM.exidx*)
                0x0000000008008968                __exidx_end = .
                0x0000000008008968                . = ALIGN (0x4)

.preinit_array  0x0000000008008968        0x0
                0x0000000008008968                . = ALIGN (0x4)
                0x0000000008008968                PROVIDE (__preinit_array_start = .)
 *(.preinit_array*)
                0x0000000008008968                PROVIDE (__preinit_array_end = .)
                0x0000000008008968                . = ALIGN (0x4)

.init_array     0x0000000008008968        0x4
                0x0000000008008968                . = ALIGN (0x4)
                0x0000000008008968                PROVIDE (__init_array_start = .)
 *(SORT_BY_NAME(.init_array.*))
 *(.init_array*)
 .init_array    0x0000000008008968        0x4 d:/luu_phan_mem/luu_cube_ide/stm32cubeide_1.10.1/stm32cubeide/plugins/com.st.stm32cube.ide.mcu.externaltools.gnu-tools-for-stm32.10.3-2021.10.win32_1.0.0.202111181127/tools/bin/../lib/gcc/arm-none-eabi/10.3.1/thumb/v7-m/nofp/crtbegin.o
                0x000000000800896c                PROVIDE (__init_array_end = .)
                0x000000000800896c                . = ALIGN (0x4)

.fini_array     0x000000000800896c        0x4
                0x000000000800896c                . = ALIGN (0x4)
                [!provide]                        PROVIDE (__fini_array_start = .)
 *(SORT_BY_NAME(.fini_array.*))
 *(.fini_array*)
 .fini_array    0x000000000800896c        0x4 d:/luu_phan_mem/luu_cube_ide/stm32cubeide_1.10.1/stm32cubeide/plugins/com.st.stm32cube.ide.mcu.externaltools.gnu-tools-for-stm32.10.3-2021.10.win32_1.0.0.202111181127/tools/bin/../lib/gcc/arm-none-eabi/10.3.1/thumb/v7-m/nofp/crtbegin.o
                [!provide]                        PROVIDE (__fini_array_end = .)
                0x0000000008008970                . = ALIGN (0x4)
                0x0000000008008970                _sidata = LOADADDR (.data)

.data           0x0000000020000000       0x78 load address 0x0000000008008970
                0x0000000020000000                . = ALIGN (0x4)
                0x0000000020000000                _sdata = .
 *(.data)
 *(.data*)
 .data.mode     0x0000000020000000        0x1 ./Core/Src/main.o
                0x0000000020000000                mode
 .data.para     0x0000000020000001        0x1 ./Core/Src/main.o
                0x0000000020000001                para
 .data.cycle    0x0000000020000002        0x1 ./Core/Src/main.o
                0x0000000020000002                cycle
 .data.flag     0x0000000020000003        0x1 ./Core/Src/main.o
                0x0000000020000003                flag
 .data.SystemCoreClock
                0x0000000020000004        0x4 ./Core/Src/system_stm32f1xx.o
                0x0000000020000004                SystemCoreClock
 .data.uwTickPrio
                0x0000000020000008        0x4 ./Drivers/STM32F1xx_HAL_Driver/Src/stm32f1xx_hal.o
                0x0000000020000008                uwTickPrio
 .data.uwTickFreq
                0x000000002000000c        0x1 ./Drivers/STM32F1xx_HAL_Driver/Src/stm32f1xx_hal.o
                0x000000002000000c                uwTickFreq
 *fill*         0x000000002000000d        0x3 
 .data.uxCriticalNesting
                0x0000000020000010        0x4 ./Middlewares/Third_Party/FreeRTOS/Source/portable/GCC/ARM_CM3/port.o
 .data._impure_ptr
                0x0000000020000014        0x4 d:/luu_phan_mem/luu_cube_ide/stm32cubeide_1.10.1/stm32cubeide/plugins/com.st.stm32cube.ide.mcu.externaltools.gnu-tools-for-stm32.10.3-2021.10.win32_1.0.0.202111181127/tools/bin/../lib/gcc/arm-none-eabi/10.3.1/../../../../arm-none-eabi/lib/thumb/v7-m/nofp\libc_nano.a(lib_a-impure.o)
                0x0000000020000014                _impure_ptr
 .data.impure_data
                0x0000000020000018       0x60 d:/luu_phan_mem/luu_cube_ide/stm32cubeide_1.10.1/stm32cubeide/plugins/com.st.stm32cube.ide.mcu.externaltools.gnu-tools-for-stm32.10.3-2021.10.win32_1.0.0.202111181127/tools/bin/../lib/gcc/arm-none-eabi/10.3.1/../../../../arm-none-eabi/lib/thumb/v7-m/nofp\libc_nano.a(lib_a-impure.o)
 *(.RamFunc)
 *(.RamFunc*)
                0x0000000020000078                . = ALIGN (0x4)
                0x0000000020000078                _edata = .

.igot.plt       0x0000000020000078        0x0 load address 0x00000000080089e8
 .igot.plt      0x0000000020000078        0x0 d:/luu_phan_mem/luu_cube_ide/stm32cubeide_1.10.1/stm32cubeide/plugins/com.st.stm32cube.ide.mcu.externaltools.gnu-tools-for-stm32.10.3-2021.10.win32_1.0.0.202111181127/tools/bin/../lib/gcc/arm-none-eabi/10.3.1/thumb/v7-m/nofp/crtbegin.o
                0x0000000020000078                . = ALIGN (0x4)

.bss            0x0000000020000078     0x199c load address 0x00000000080089e8
                0x0000000020000078                _sbss = .
                0x0000000020000078                __bss_start__ = _sbss
 *(.bss)
 .bss           0x0000000020000078       0x1c d:/luu_phan_mem/luu_cube_ide/stm32cubeide_1.10.1/stm32cubeide/plugins/com.st.stm32cube.ide.mcu.externaltools.gnu-tools-for-stm32.10.3-2021.10.win32_1.0.0.202111181127/tools/bin/../lib/gcc/arm-none-eabi/10.3.1/thumb/v7-m/nofp/crtbegin.o
 *(.bss*)
 .bss.Rh_byte1  0x0000000020000094        0x1 ./Core/Src/DHT.o
                0x0000000020000094                Rh_byte1
 .bss.Rh_byte2  0x0000000020000095        0x1 ./Core/Src/DHT.o
                0x0000000020000095                Rh_byte2
 .bss.Temp_byte1
                0x0000000020000096        0x1 ./Core/Src/DHT.o
                0x0000000020000096                Temp_byte1
 .bss.Temp_byte2
                0x0000000020000097        0x1 ./Core/Src/DHT.o
                0x0000000020000097                Temp_byte2
 .bss.SUM       0x0000000020000098        0x2 ./Core/Src/DHT.o
                0x0000000020000098                SUM
 .bss.Presence  0x000000002000009a        0x1 ./Core/Src/DHT.o
                0x000000002000009a                Presence
 *fill*         0x000000002000009b        0x1 
 .bss.xIdleTaskTCBBuffer
                0x000000002000009c       0xb4 ./Core/Src/freertos.o
 .bss.xIdleStack
                0x0000000020000150      0x200 ./Core/Src/freertos.o
 .bss.hadc1     0x0000000020000350       0x30 ./Core/Src/main.o
                0x0000000020000350                hadc1
 .bss.hi2c1     0x0000000020000380       0x54 ./Core/Src/main.o
                0x0000000020000380                hi2c1
 .bss.htim2     0x00000000200003d4       0x48 ./Core/Src/main.o
                0x00000000200003d4                htim2
 .bss.huart1    0x000000002000041c       0x44 ./Core/Src/main.o
                0x000000002000041c                huart1
 .bss.Task_ConTrolHandle
                0x0000000020000460        0x4 ./Core/Src/main.o
                0x0000000020000460                Task_ConTrolHandle
 .bss.Task_GetDataHandle
                0x0000000020000464        0x4 ./Core/Src/main.o
                0x0000000020000464                Task_GetDataHandle
 .bss.queue_exitHandle
                0x0000000020000468        0x4 ./Core/Src/main.o
                0x0000000020000468                queue_exitHandle
 .bss.semaphore_uartHandle
                0x000000002000046c        0x4 ./Core/Src/main.o
                0x000000002000046c                semaphore_uartHandle
 .bss.t         0x0000000020000470       0x14 ./Core/Src/main.o
                0x0000000020000470                t
 .bss.data_storage
                0x0000000020000484       0x14 ./Core/Src/main.o
                0x0000000020000484                data_storage
 .bss.data      0x0000000020000498        0x2 ./Core/Src/main.o
                0x0000000020000498                data
 *fill*         0x000000002000049a        0x2 
 .bss.dientro   0x000000002000049c        0x4 ./Core/Src/main.o
                0x000000002000049c                dientro
 .bss.currentTime
                0x00000000200004a0        0x4 ./Core/Src/main.o
                0x00000000200004a0                currentTime
 .bss.lastTime  0x00000000200004a4        0x4 ./Core/Src/main.o
                0x00000000200004a4                lastTime
 .bss.current_Time
                0x00000000200004a8        0x4 ./Core/Src/main.o
                0x00000000200004a8                current_Time
 .bss.last_Time
                0x00000000200004ac        0x4 ./Core/Src/main.o
                0x00000000200004ac                last_Time
 .bss.__sbrk_heap_end
                0x00000000200004b0        0x4 ./Core/Src/sysmem.o
 .bss.uwTick    0x00000000200004b4        0x4 ./Drivers/STM32F1xx_HAL_Driver/Src/stm32f1xx_hal.o
                0x00000000200004b4                uwTick
 .bss.pxCurrentTCB
                0x00000000200004b8        0x4 ./Middlewares/Third_Party/FreeRTOS/Source/tasks.o
                0x00000000200004b8                pxCurrentTCB
 .bss.pxReadyTasksLists
                0x00000000200004bc       0x8c ./Middlewares/Third_Party/FreeRTOS/Source/tasks.o
 .bss.xDelayedTaskList1
                0x0000000020000548       0x14 ./Middlewares/Third_Party/FreeRTOS/Source/tasks.o
 .bss.xDelayedTaskList2
                0x000000002000055c       0x14 ./Middlewares/Third_Party/FreeRTOS/Source/tasks.o
 .bss.pxDelayedTaskList
                0x0000000020000570        0x4 ./Middlewares/Third_Party/FreeRTOS/Source/tasks.o
 .bss.pxOverflowDelayedTaskList
                0x0000000020000574        0x4 ./Middlewares/Third_Party/FreeRTOS/Source/tasks.o
 .bss.xPendingReadyList
                0x0000000020000578       0x14 ./Middlewares/Third_Party/FreeRTOS/Source/tasks.o
 .bss.xTasksWaitingTermination
                0x000000002000058c       0x14 ./Middlewares/Third_Party/FreeRTOS/Source/tasks.o
 .bss.uxDeletedTasksWaitingCleanUp
                0x00000000200005a0        0x4 ./Middlewares/Third_Party/FreeRTOS/Source/tasks.o
 .bss.xSuspendedTaskList
                0x00000000200005a4       0x14 ./Middlewares/Third_Party/FreeRTOS/Source/tasks.o
 .bss.uxCurrentNumberOfTasks
                0x00000000200005b8        0x4 ./Middlewares/Third_Party/FreeRTOS/Source/tasks.o
 .bss.xTickCount
                0x00000000200005bc        0x4 ./Middlewares/Third_Party/FreeRTOS/Source/tasks.o
 .bss.uxTopReadyPriority
                0x00000000200005c0        0x4 ./Middlewares/Third_Party/FreeRTOS/Source/tasks.o
 .bss.xSchedulerRunning
                0x00000000200005c4        0x4 ./Middlewares/Third_Party/FreeRTOS/Source/tasks.o
 .bss.uxPendedTicks
                0x00000000200005c8        0x4 ./Middlewares/Third_Party/FreeRTOS/Source/tasks.o
 .bss.xYieldPending
                0x00000000200005cc        0x4 ./Middlewares/Third_Party/FreeRTOS/Source/tasks.o
 .bss.xNumOfOverflows
                0x00000000200005d0        0x4 ./Middlewares/Third_Party/FreeRTOS/Source/tasks.o
 .bss.uxTaskNumber
                0x00000000200005d4        0x4 ./Middlewares/Third_Party/FreeRTOS/Source/tasks.o
 .bss.xNextTaskUnblockTime
                0x00000000200005d8        0x4 ./Middlewares/Third_Party/FreeRTOS/Source/tasks.o
 .bss.xIdleTaskHandle
                0x00000000200005dc        0x4 ./Middlewares/Third_Party/FreeRTOS/Source/tasks.o
 .bss.uxSchedulerSuspended
                0x00000000200005e0        0x4 ./Middlewares/Third_Party/FreeRTOS/Source/tasks.o
 .bss.ucMaxSysCallPriority
                0x00000000200005e4        0x1 ./Middlewares/Third_Party/FreeRTOS/Source/portable/GCC/ARM_CM3/port.o
 *fill*         0x00000000200005e5        0x3 
 .bss.ulMaxPRIGROUPValue
                0x00000000200005e8        0x4 ./Middlewares/Third_Party/FreeRTOS/Source/portable/GCC/ARM_CM3/port.o
 .bss.ucHeap    0x00000000200005ec     0x1400 ./Middlewares/Third_Party/FreeRTOS/Source/portable/MemMang/heap_4.o
 .bss.xStart    0x00000000200019ec        0x8 ./Middlewares/Third_Party/FreeRTOS/Source/portable/MemMang/heap_4.o
 .bss.pxEnd     0x00000000200019f4        0x4 ./Middlewares/Third_Party/FreeRTOS/Source/portable/MemMang/heap_4.o
 .bss.xFreeBytesRemaining
                0x00000000200019f8        0x4 ./Middlewares/Third_Party/FreeRTOS/Source/portable/MemMang/heap_4.o
 .bss.xMinimumEverFreeBytesRemaining
                0x00000000200019fc        0x4 ./Middlewares/Third_Party/FreeRTOS/Source/portable/MemMang/heap_4.o
 .bss.xBlockAllocatedBit
                0x0000000020001a00        0x4 ./Middlewares/Third_Party/FreeRTOS/Source/portable/MemMang/heap_4.o
 .bss.__lock___malloc_recursive_mutex
                0x0000000020001a04        0x1 d:/luu_phan_mem/luu_cube_ide/stm32cubeide_1.10.1/stm32cubeide/plugins/com.st.stm32cube.ide.mcu.externaltools.gnu-tools-for-stm32.10.3-2021.10.win32_1.0.0.202111181127/tools/bin/../lib/gcc/arm-none-eabi/10.3.1/../../../../arm-none-eabi/lib/thumb/v7-m/nofp\libc_nano.a(lib_a-lock.o)
                0x0000000020001a04                __lock___malloc_recursive_mutex
 *fill*         0x0000000020001a05        0x3 
 .bss.__malloc_free_list
                0x0000000020001a08        0x4 d:/luu_phan_mem/luu_cube_ide/stm32cubeide_1.10.1/stm32cubeide/plugins/com.st.stm32cube.ide.mcu.externaltools.gnu-tools-for-stm32.10.3-2021.10.win32_1.0.0.202111181127/tools/bin/../lib/gcc/arm-none-eabi/10.3.1/../../../../arm-none-eabi/lib/thumb/v7-m/nofp\libc_nano.a(lib_a-nano-mallocr.o)
                0x0000000020001a08                __malloc_free_list
 .bss.__malloc_sbrk_start
                0x0000000020001a0c        0x4 d:/luu_phan_mem/luu_cube_ide/stm32cubeide_1.10.1/stm32cubeide/plugins/com.st.stm32cube.ide.mcu.externaltools.gnu-tools-for-stm32.10.3-2021.10.win32_1.0.0.202111181127/tools/bin/../lib/gcc/arm-none-eabi/10.3.1/../../../../arm-none-eabi/lib/thumb/v7-m/nofp\libc_nano.a(lib_a-nano-mallocr.o)
                0x0000000020001a0c                __malloc_sbrk_start
 .bss.errno     0x0000000020001a10        0x4 d:/luu_phan_mem/luu_cube_ide/stm32cubeide_1.10.1/stm32cubeide/plugins/com.st.stm32cube.ide.mcu.externaltools.gnu-tools-for-stm32.10.3-2021.10.win32_1.0.0.202111181127/tools/bin/../lib/gcc/arm-none-eabi/10.3.1/../../../../arm-none-eabi/lib/thumb/v7-m/nofp\libc_nano.a(lib_a-reent.o)
                0x0000000020001a10                errno
 *(COMMON)
                0x0000000020001a14                . = ALIGN (0x4)
                0x0000000020001a14                _ebss = .
                0x0000000020001a14                __bss_end__ = _ebss

._user_heap_stack
                0x0000000020001a14      0x604 load address 0x00000000080089e8
                0x0000000020001a18                . = ALIGN (0x8)
 *fill*         0x0000000020001a14        0x4 
                [!provide]                        PROVIDE (end = .)
                0x0000000020001a18                PROVIDE (_end = .)
                0x0000000020001c18                . = (. + _Min_Heap_Size)
 *fill*         0x0000000020001a18      0x200 
                0x0000000020002018                . = (. + _Min_Stack_Size)
 *fill*         0x0000000020001c18      0x400 
                0x0000000020002018                . = ALIGN (0x8)

/DISCARD/
 libc.a(*)
 libm.a(*)
 libgcc.a(*)

.ARM.attributes
                0x0000000000000000       0x29
 *(.ARM.attributes)
 .ARM.attributes
                0x0000000000000000       0x1d d:/luu_phan_mem/luu_cube_ide/stm32cubeide_1.10.1/stm32cubeide/plugins/com.st.stm32cube.ide.mcu.externaltools.gnu-tools-for-stm32.10.3-2021.10.win32_1.0.0.202111181127/tools/bin/../lib/gcc/arm-none-eabi/10.3.1/thumb/v7-m/nofp/crti.o
 .ARM.attributes
                0x000000000000001d       0x2d d:/luu_phan_mem/luu_cube_ide/stm32cubeide_1.10.1/stm32cubeide/plugins/com.st.stm32cube.ide.mcu.externaltools.gnu-tools-for-stm32.10.3-2021.10.win32_1.0.0.202111181127/tools/bin/../lib/gcc/arm-none-eabi/10.3.1/thumb/v7-m/nofp/crtbegin.o
 .ARM.attributes
                0x000000000000004a       0x2d ./Core/Src/DHT.o
 .ARM.attributes
                0x0000000000000077       0x2d ./Core/Src/freertos.o
 .ARM.attributes
                0x00000000000000a4       0x2d ./Core/Src/i2c-lcd.o
 .ARM.attributes
                0x00000000000000d1       0x2d ./Core/Src/main.o
 .ARM.attributes
                0x00000000000000fe       0x2d ./Core/Src/stm32f1xx_hal_msp.o
 .ARM.attributes
                0x000000000000012b       0x2d ./Core/Src/stm32f1xx_it.o
 .ARM.attributes
                0x0000000000000158       0x2d ./Core/Src/sysmem.o
 .ARM.attributes
                0x0000000000000185       0x2d ./Core/Src/system_stm32f1xx.o
 .ARM.attributes
                0x00000000000001b2       0x21 ./Core/Startup/startup_stm32f103c8tx.o
 .ARM.attributes
                0x00000000000001d3       0x2d ./Drivers/STM32F1xx_HAL_Driver/Src/stm32f1xx_hal.o
 .ARM.attributes
                0x0000000000000200       0x2d ./Drivers/STM32F1xx_HAL_Driver/Src/stm32f1xx_hal_adc.o
 .ARM.attributes
                0x000000000000022d       0x2d ./Drivers/STM32F1xx_HAL_Driver/Src/stm32f1xx_hal_cortex.o
 .ARM.attributes
                0x000000000000025a       0x2d ./Drivers/STM32F1xx_HAL_Driver/Src/stm32f1xx_hal_dma.o
 .ARM.attributes
                0x0000000000000287       0x2d ./Drivers/STM32F1xx_HAL_Driver/Src/stm32f1xx_hal_gpio.o
 .ARM.attributes
                0x00000000000002b4       0x2d ./Drivers/STM32F1xx_HAL_Driver/Src/stm32f1xx_hal_i2c.o
 .ARM.attributes
                0x00000000000002e1       0x2d ./Drivers/STM32F1xx_HAL_Driver/Src/stm32f1xx_hal_rcc.o
 .ARM.attributes
                0x000000000000030e       0x2d ./Drivers/STM32F1xx_HAL_Driver/Src/stm32f1xx_hal_rcc_ex.o
 .ARM.attributes
                0x000000000000033b       0x2d ./Drivers/STM32F1xx_HAL_Driver/Src/stm32f1xx_hal_tim.o
 .ARM.attributes
                0x0000000000000368       0x2d ./Drivers/STM32F1xx_HAL_Driver/Src/stm32f1xx_hal_tim_ex.o
 .ARM.attributes
                0x0000000000000395       0x2d ./Drivers/STM32F1xx_HAL_Driver/Src/stm32f1xx_hal_uart.o
 .ARM.attributes
                0x00000000000003c2       0x2d ./Middlewares/Third_Party/FreeRTOS/Source/CMSIS_RTOS/cmsis_os.o
 .ARM.attributes
                0x00000000000003ef       0x2d ./Middlewares/Third_Party/FreeRTOS/Source/list.o
 .ARM.attributes
                0x000000000000041c       0x2d ./Middlewares/Third_Party/FreeRTOS/Source/queue.o
 .ARM.attributes
                0x0000000000000449       0x2d ./Middlewares/Third_Party/FreeRTOS/Source/tasks.o
 .ARM.attributes
                0x0000000000000476       0x2d ./Middlewares/Third_Party/FreeRTOS/Source/portable/GCC/ARM_CM3/port.o
 .ARM.attributes
                0x00000000000004a3       0x2d ./Middlewares/Third_Party/FreeRTOS/Source/portable/MemMang/heap_4.o
 .ARM.attributes
                0x00000000000004d0       0x2d d:/luu_phan_mem/luu_cube_ide/stm32cubeide_1.10.1/stm32cubeide/plugins/com.st.stm32cube.ide.mcu.externaltools.gnu-tools-for-stm32.10.3-2021.10.win32_1.0.0.202111181127/tools/bin/../lib/gcc/arm-none-eabi/10.3.1/../../../../arm-none-eabi/lib/thumb/v7-m/nofp\libc_nano.a(lib_a-atoi.o)
 .ARM.attributes
                0x00000000000004fd       0x2d d:/luu_phan_mem/luu_cube_ide/stm32cubeide_1.10.1/stm32cubeide/plugins/com.st.stm32cube.ide.mcu.externaltools.gnu-tools-for-stm32.10.3-2021.10.win32_1.0.0.202111181127/tools/bin/../lib/gcc/arm-none-eabi/10.3.1/../../../../arm-none-eabi/lib/thumb/v7-m/nofp\libc_nano.a(lib_a-errno.o)
 .ARM.attributes
                0x000000000000052a       0x2d d:/luu_phan_mem/luu_cube_ide/stm32cubeide_1.10.1/stm32cubeide/plugins/com.st.stm32cube.ide.mcu.externaltools.gnu-tools-for-stm32.10.3-2021.10.win32_1.0.0.202111181127/tools/bin/../lib/gcc/arm-none-eabi/10.3.1/../../../../arm-none-eabi/lib/thumb/v7-m/nofp\libc_nano.a(lib_a-findfp.o)
 .ARM.attributes
                0x0000000000000557       0x2d d:/luu_phan_mem/luu_cube_ide/stm32cubeide_1.10.1/stm32cubeide/plugins/com.st.stm32cube.ide.mcu.externaltools.gnu-tools-for-stm32.10.3-2021.10.win32_1.0.0.202111181127/tools/bin/../lib/gcc/arm-none-eabi/10.3.1/../../../../arm-none-eabi/lib/thumb/v7-m/nofp\libc_nano.a(lib_a-impure.o)
 .ARM.attributes
                0x0000000000000584       0x2d d:/luu_phan_mem/luu_cube_ide/stm32cubeide_1.10.1/stm32cubeide/plugins/com.st.stm32cube.ide.mcu.externaltools.gnu-tools-for-stm32.10.3-2021.10.win32_1.0.0.202111181127/tools/bin/../lib/gcc/arm-none-eabi/10.3.1/../../../../arm-none-eabi/lib/thumb/v7-m/nofp\libc_nano.a(lib_a-init.o)
 .ARM.attributes
                0x00000000000005b1       0x2d d:/luu_phan_mem/luu_cube_ide/stm32cubeide_1.10.1/stm32cubeide/plugins/com.st.stm32cube.ide.mcu.externaltools.gnu-tools-for-stm32.10.3-2021.10.win32_1.0.0.202111181127/tools/bin/../lib/gcc/arm-none-eabi/10.3.1/../../../../arm-none-eabi/lib/thumb/v7-m/nofp\libc_nano.a(lib_a-lock.o)
 .ARM.attributes
                0x00000000000005de       0x2d d:/luu_phan_mem/luu_cube_ide/stm32cubeide_1.10.1/stm32cubeide/plugins/com.st.stm32cube.ide.mcu.externaltools.gnu-tools-for-stm32.10.3-2021.10.win32_1.0.0.202111181127/tools/bin/../lib/gcc/arm-none-eabi/10.3.1/../../../../arm-none-eabi/lib/thumb/v7-m/nofp\libc_nano.a(lib_a-memcpy-stub.o)
 .ARM.attributes
                0x000000000000060b       0x2d d:/luu_phan_mem/luu_cube_ide/stm32cubeide_1.10.1/stm32cubeide/plugins/com.st.stm32cube.ide.mcu.externaltools.gnu-tools-for-stm32.10.3-2021.10.win32_1.0.0.202111181127/tools/bin/../lib/gcc/arm-none-eabi/10.3.1/../../../../arm-none-eabi/lib/thumb/v7-m/nofp\libc_nano.a(lib_a-memset.o)
 .ARM.attributes
                0x0000000000000638       0x2d d:/luu_phan_mem/luu_cube_ide/stm32cubeide_1.10.1/stm32cubeide/plugins/com.st.stm32cube.ide.mcu.externaltools.gnu-tools-for-stm32.10.3-2021.10.win32_1.0.0.202111181127/tools/bin/../lib/gcc/arm-none-eabi/10.3.1/../../../../arm-none-eabi/lib/thumb/v7-m/nofp\libc_nano.a(lib_a-nano-mallocr.o)
 .ARM.attributes
                0x0000000000000665       0x2d d:/luu_phan_mem/luu_cube_ide/stm32cubeide_1.10.1/stm32cubeide/plugins/com.st.stm32cube.ide.mcu.externaltools.gnu-tools-for-stm32.10.3-2021.10.win32_1.0.0.202111181127/tools/bin/../lib/gcc/arm-none-eabi/10.3.1/../../../../arm-none-eabi/lib/thumb/v7-m/nofp\libc_nano.a(lib_a-reent.o)
 .ARM.attributes
                0x0000000000000692       0x2d d:/luu_phan_mem/luu_cube_ide/stm32cubeide_1.10.1/stm32cubeide/plugins/com.st.stm32cube.ide.mcu.externaltools.gnu-tools-for-stm32.10.3-2021.10.win32_1.0.0.202111181127/tools/bin/../lib/gcc/arm-none-eabi/10.3.1/../../../../arm-none-eabi/lib/thumb/v7-m/nofp\libc_nano.a(lib_a-sbrkr.o)
 .ARM.attributes
                0x00000000000006bf       0x2d d:/luu_phan_mem/luu_cube_ide/stm32cubeide_1.10.1/stm32cubeide/plugins/com.st.stm32cube.ide.mcu.externaltools.gnu-tools-for-stm32.10.3-2021.10.win32_1.0.0.202111181127/tools/bin/../lib/gcc/arm-none-eabi/10.3.1/../../../../arm-none-eabi/lib/thumb/v7-m/nofp\libc_nano.a(lib_a-sprintf.o)
 .ARM.attributes
                0x00000000000006ec       0x1b d:/luu_phan_mem/luu_cube_ide/stm32cubeide_1.10.1/stm32cubeide/plugins/com.st.stm32cube.ide.mcu.externaltools.gnu-tools-for-stm32.10.3-2021.10.win32_1.0.0.202111181127/tools/bin/../lib/gcc/arm-none-eabi/10.3.1/../../../../arm-none-eabi/lib/thumb/v7-m/nofp\libc_nano.a(lib_a-strcmp.o)
 .ARM.attributes
                0x0000000000000707       0x17 d:/luu_phan_mem/luu_cube_ide/stm32cubeide_1.10.1/stm32cubeide/plugins/com.st.stm32cube.ide.mcu.externaltools.gnu-tools-for-stm32.10.3-2021.10.win32_1.0.0.202111181127/tools/bin/../lib/gcc/arm-none-eabi/10.3.1/../../../../arm-none-eabi/lib/thumb/v7-m/nofp\libc_nano.a(lib_a-strlen.o)
 .ARM.attributes
                0x000000000000071e       0x2d d:/luu_phan_mem/luu_cube_ide/stm32cubeide_1.10.1/stm32cubeide/plugins/com.st.stm32cube.ide.mcu.externaltools.gnu-tools-for-stm32.10.3-2021.10.win32_1.0.0.202111181127/tools/bin/../lib/gcc/arm-none-eabi/10.3.1/../../../../arm-none-eabi/lib/thumb/v7-m/nofp\libc_nano.a(lib_a-strncpy.o)
 .ARM.attributes
                0x000000000000074b       0x2d d:/luu_phan_mem/luu_cube_ide/stm32cubeide_1.10.1/stm32cubeide/plugins/com.st.stm32cube.ide.mcu.externaltools.gnu-tools-for-stm32.10.3-2021.10.win32_1.0.0.202111181127/tools/bin/../lib/gcc/arm-none-eabi/10.3.1/../../../../arm-none-eabi/lib/thumb/v7-m/nofp\libc_nano.a(lib_a-strtol.o)
 .ARM.attributes
                0x0000000000000778       0x2d d:/luu_phan_mem/luu_cube_ide/stm32cubeide_1.10.1/stm32cubeide/plugins/com.st.stm32cube.ide.mcu.externaltools.gnu-tools-for-stm32.10.3-2021.10.win32_1.0.0.202111181127/tools/bin/../lib/gcc/arm-none-eabi/10.3.1/../../../../arm-none-eabi/lib/thumb/v7-m/nofp\libc_nano.a(lib_a-ctype_.o)
 .ARM.attributes
                0x00000000000007a5       0x2d d:/luu_phan_mem/luu_cube_ide/stm32cubeide_1.10.1/stm32cubeide/plugins/com.st.stm32cube.ide.mcu.externaltools.gnu-tools-for-stm32.10.3-2021.10.win32_1.0.0.202111181127/tools/bin/../lib/gcc/arm-none-eabi/10.3.1/../../../../arm-none-eabi/lib/thumb/v7-m/nofp\libc_nano.a(lib_a-mlock.o)
 .ARM.attributes
                0x00000000000007d2       0x2d d:/luu_phan_mem/luu_cube_ide/stm32cubeide_1.10.1/stm32cubeide/plugins/com.st.stm32cube.ide.mcu.externaltools.gnu-tools-for-stm32.10.3-2021.10.win32_1.0.0.202111181127/tools/bin/../lib/gcc/arm-none-eabi/10.3.1/../../../../arm-none-eabi/lib/thumb/v7-m/nofp\libc_nano.a(lib_a-nano-freer.o)
 .ARM.attributes
                0x00000000000007ff       0x2d d:/luu_phan_mem/luu_cube_ide/stm32cubeide_1.10.1/stm32cubeide/plugins/com.st.stm32cube.ide.mcu.externaltools.gnu-tools-for-stm32.10.3-2021.10.win32_1.0.0.202111181127/tools/bin/../lib/gcc/arm-none-eabi/10.3.1/../../../../arm-none-eabi/lib/thumb/v7-m/nofp\libc_nano.a(lib_a-nano-svfprintf.o)
 .ARM.attributes
                0x000000000000082c       0x2d d:/luu_phan_mem/luu_cube_ide/stm32cubeide_1.10.1/stm32cubeide/plugins/com.st.stm32cube.ide.mcu.externaltools.gnu-tools-for-stm32.10.3-2021.10.win32_1.0.0.202111181127/tools/bin/../lib/gcc/arm-none-eabi/10.3.1/../../../../arm-none-eabi/lib/thumb/v7-m/nofp\libc_nano.a(lib_a-nano-vfprintf_i.o)
 .ARM.attributes
                0x0000000000000859       0x2d d:/luu_phan_mem/luu_cube_ide/stm32cubeide_1.10.1/stm32cubeide/plugins/com.st.stm32cube.ide.mcu.externaltools.gnu-tools-for-stm32.10.3-2021.10.win32_1.0.0.202111181127/tools/bin/../lib/gcc/arm-none-eabi/10.3.1/../../../../arm-none-eabi/lib/thumb/v7-m/nofp\libc_nano.a(lib_a-memchr-stub.o)
 .ARM.attributes
                0x0000000000000886       0x2d d:/luu_phan_mem/luu_cube_ide/stm32cubeide_1.10.1/stm32cubeide/plugins/com.st.stm32cube.ide.mcu.externaltools.gnu-tools-for-stm32.10.3-2021.10.win32_1.0.0.202111181127/tools/bin/../lib/gcc/arm-none-eabi/10.3.1/../../../../arm-none-eabi/lib/thumb/v7-m/nofp\libc_nano.a(lib_a-memmove.o)
 .ARM.attributes
                0x00000000000008b3       0x2d d:/luu_phan_mem/luu_cube_ide/stm32cubeide_1.10.1/stm32cubeide/plugins/com.st.stm32cube.ide.mcu.externaltools.gnu-tools-for-stm32.10.3-2021.10.win32_1.0.0.202111181127/tools/bin/../lib/gcc/arm-none-eabi/10.3.1/../../../../arm-none-eabi/lib/thumb/v7-m/nofp\libc_nano.a(lib_a-nano-reallocr.o)
 .ARM.attributes
                0x00000000000008e0       0x2d d:/luu_phan_mem/luu_cube_ide/stm32cubeide_1.10.1/stm32cubeide/plugins/com.st.stm32cube.ide.mcu.externaltools.gnu-tools-for-stm32.10.3-2021.10.win32_1.0.0.202111181127/tools/bin/../lib/gcc/arm-none-eabi/10.3.1/../../../../arm-none-eabi/lib/thumb/v7-m/nofp\libc_nano.a(lib_a-nano-msizer.o)
 .ARM.attributes
                0x000000000000090d       0x1d d:/luu_phan_mem/luu_cube_ide/stm32cubeide_1.10.1/stm32cubeide/plugins/com.st.stm32cube.ide.mcu.externaltools.gnu-tools-for-stm32.10.3-2021.10.win32_1.0.0.202111181127/tools/bin/../lib/gcc/arm-none-eabi/10.3.1/thumb/v7-m/nofp\libgcc.a(_arm_mulsf3.o)
 .ARM.attributes
                0x000000000000092a       0x1d d:/luu_phan_mem/luu_cube_ide/stm32cubeide_1.10.1/stm32cubeide/plugins/com.st.stm32cube.ide.mcu.externaltools.gnu-tools-for-stm32.10.3-2021.10.win32_1.0.0.202111181127/tools/bin/../lib/gcc/arm-none-eabi/10.3.1/thumb/v7-m/nofp\libgcc.a(_arm_addsubdf3.o)
 .ARM.attributes
                0x0000000000000947       0x1d d:/luu_phan_mem/luu_cube_ide/stm32cubeide_1.10.1/stm32cubeide/plugins/com.st.stm32cube.ide.mcu.externaltools.gnu-tools-for-stm32.10.3-2021.10.win32_1.0.0.202111181127/tools/bin/../lib/gcc/arm-none-eabi/10.3.1/thumb/v7-m/nofp\libgcc.a(_arm_muldivdf3.o)
 .ARM.attributes
                0x0000000000000964       0x1d d:/luu_phan_mem/luu_cube_ide/stm32cubeide_1.10.1/stm32cubeide/plugins/com.st.stm32cube.ide.mcu.externaltools.gnu-tools-for-stm32.10.3-2021.10.win32_1.0.0.202111181127/tools/bin/../lib/gcc/arm-none-eabi/10.3.1/thumb/v7-m/nofp\libgcc.a(_arm_truncdfsf2.o)
 .ARM.attributes
                0x0000000000000981       0x1d d:/luu_phan_mem/luu_cube_ide/stm32cubeide_1.10.1/stm32cubeide/plugins/com.st.stm32cube.ide.mcu.externaltools.gnu-tools-for-stm32.10.3-2021.10.win32_1.0.0.202111181127/tools/bin/../lib/gcc/arm-none-eabi/10.3.1/thumb/v7-m/nofp\libgcc.a(_arm_fixsfsi.o)
 .ARM.attributes
                0x000000000000099e       0x1d d:/luu_phan_mem/luu_cube_ide/stm32cubeide_1.10.1/stm32cubeide/plugins/com.st.stm32cube.ide.mcu.externaltools.gnu-tools-for-stm32.10.3-2021.10.win32_1.0.0.202111181127/tools/bin/../lib/gcc/arm-none-eabi/10.3.1/thumb/v7-m/nofp/crtn.o
OUTPUT(test_freertos_dht11_1.elf elf32-littlearm)
LOAD linker stubs
LOAD d:/luu_phan_mem/luu_cube_ide/stm32cubeide_1.10.1/stm32cubeide/plugins/com.st.stm32cube.ide.mcu.externaltools.gnu-tools-for-stm32.10.3-2021.10.win32_1.0.0.202111181127/tools/bin/../lib/gcc/arm-none-eabi/10.3.1/../../../../arm-none-eabi/lib/thumb/v7-m/nofp\libc.a
LOAD d:/luu_phan_mem/luu_cube_ide/stm32cubeide_1.10.1/stm32cubeide/plugins/com.st.stm32cube.ide.mcu.externaltools.gnu-tools-for-stm32.10.3-2021.10.win32_1.0.0.202111181127/tools/bin/../lib/gcc/arm-none-eabi/10.3.1/../../../../arm-none-eabi/lib/thumb/v7-m/nofp\libm.a
LOAD d:/luu_phan_mem/luu_cube_ide/stm32cubeide_1.10.1/stm32cubeide/plugins/com.st.stm32cube.ide.mcu.externaltools.gnu-tools-for-stm32.10.3-2021.10.win32_1.0.0.202111181127/tools/bin/../lib/gcc/arm-none-eabi/10.3.1/thumb/v7-m/nofp\libgcc.a

.debug_info     0x0000000000000000    0x18318
 .debug_info    0x0000000000000000      0x9e6 ./Core/Src/DHT.o
 .debug_info    0x00000000000009e6      0x9b6 ./Core/Src/freertos.o
 .debug_info    0x000000000000139c      0x782 ./Core/Src/i2c-lcd.o
 .debug_info    0x0000000000001b1e     0x29fe ./Core/Src/main.o
 .debug_info    0x000000000000451c     0x137b ./Core/Src/stm32f1xx_hal_msp.o
 .debug_info    0x0000000000005897      0x648 ./Core/Src/stm32f1xx_it.o
 .debug_info    0x0000000000005edf      0x171 ./Core/Src/sysmem.o
 .debug_info    0x0000000000006050      0x23d ./Core/Src/system_stm32f1xx.o